Archive member included to satisfy reference by file (symbol)

/usr/bin/../lib/gcc/arm-none-eabi/13.3.1/../../../../arm-none-eabi/lib/thumb/v7-m/nofp/libc_nano.a(libc_a-exit.o)
                              /usr/bin/../lib/gcc/arm-none-eabi/13.3.1/../../../../arm-none-eabi/lib/thumb/v7-m/nofp/crt0.o (exit)
/usr/bin/../lib/gcc/arm-none-eabi/13.3.1/../../../../arm-none-eabi/lib/thumb/v7-m/nofp/libc_nano.a(libc_a-errno.o)
                              build/sysmem.o (__errno)
/usr/bin/../lib/gcc/arm-none-eabi/13.3.1/../../../../arm-none-eabi/lib/thumb/v7-m/nofp/libc_nano.a(libc_a-init.o)
                              /usr/bin/../lib/gcc/arm-none-eabi/13.3.1/../../../../arm-none-eabi/lib/thumb/v7-m/nofp/crt0.o (__libc_init_array)
/usr/bin/../lib/gcc/arm-none-eabi/13.3.1/../../../../arm-none-eabi/lib/thumb/v7-m/nofp/libc_nano.a(libc_a-memset.o)
                              /usr/bin/../lib/gcc/arm-none-eabi/13.3.1/../../../../arm-none-eabi/lib/thumb/v7-m/nofp/crt0.o (memset)
/usr/bin/../lib/gcc/arm-none-eabi/13.3.1/../../../../arm-none-eabi/lib/thumb/v7-m/nofp/libc_nano.a(libc_a-puts.o)
                              build/main.o (puts)
/usr/bin/../lib/gcc/arm-none-eabi/13.3.1/../../../../arm-none-eabi/lib/thumb/v7-m/nofp/libc_nano.a(libc_a-impure.o)
                              /usr/bin/../lib/gcc/arm-none-eabi/13.3.1/../../../../arm-none-eabi/lib/thumb/v7-m/nofp/libc_nano.a(libc_a-errno.o) (_impure_ptr)
/usr/bin/../lib/gcc/arm-none-eabi/13.3.1/../../../../arm-none-eabi/lib/thumb/v7-m/nofp/libc_nano.a(libc_a-findfp.o)
                              /usr/bin/../lib/gcc/arm-none-eabi/13.3.1/../../../../arm-none-eabi/lib/thumb/v7-m/nofp/libc_nano.a(libc_a-exit.o) (__stdio_exit_handler)
/usr/bin/../lib/gcc/arm-none-eabi/13.3.1/../../../../arm-none-eabi/lib/thumb/v7-m/nofp/libc_nano.a(libc_a-stdio.o)
                              /usr/bin/../lib/gcc/arm-none-eabi/13.3.1/../../../../arm-none-eabi/lib/thumb/v7-m/nofp/libc_nano.a(libc_a-findfp.o) (__sread)
/usr/bin/../lib/gcc/arm-none-eabi/13.3.1/../../../../arm-none-eabi/lib/thumb/v7-m/nofp/libc_nano.a(libc_a-lseekr.o)
                              /usr/bin/../lib/gcc/arm-none-eabi/13.3.1/../../../../arm-none-eabi/lib/thumb/v7-m/nofp/libc_nano.a(libc_a-stdio.o) (_lseek_r)
/usr/bin/../lib/gcc/arm-none-eabi/13.3.1/../../../../arm-none-eabi/lib/thumb/v7-m/nofp/libc_nano.a(libc_a-readr.o)
                              /usr/bin/../lib/gcc/arm-none-eabi/13.3.1/../../../../arm-none-eabi/lib/thumb/v7-m/nofp/libc_nano.a(libc_a-stdio.o) (_read_r)
/usr/bin/../lib/gcc/arm-none-eabi/13.3.1/../../../../arm-none-eabi/lib/thumb/v7-m/nofp/libc_nano.a(libc_a-fwalk.o)
                              /usr/bin/../lib/gcc/arm-none-eabi/13.3.1/../../../../arm-none-eabi/lib/thumb/v7-m/nofp/libc_nano.a(libc_a-findfp.o) (_fwalk_sglue)
/usr/bin/../lib/gcc/arm-none-eabi/13.3.1/../../../../arm-none-eabi/lib/thumb/v7-m/nofp/libc_nano.a(libc_a-wbuf.o)
                              /usr/bin/../lib/gcc/arm-none-eabi/13.3.1/../../../../arm-none-eabi/lib/thumb/v7-m/nofp/libc_nano.a(libc_a-puts.o) (__swbuf_r)
/usr/bin/../lib/gcc/arm-none-eabi/13.3.1/../../../../arm-none-eabi/lib/thumb/v7-m/nofp/libc_nano.a(libc_a-writer.o)
                              /usr/bin/../lib/gcc/arm-none-eabi/13.3.1/../../../../arm-none-eabi/lib/thumb/v7-m/nofp/libc_nano.a(libc_a-stdio.o) (_write_r)
/usr/bin/../lib/gcc/arm-none-eabi/13.3.1/../../../../arm-none-eabi/lib/thumb/v7-m/nofp/libc_nano.a(libc_a-wsetup.o)
                              /usr/bin/../lib/gcc/arm-none-eabi/13.3.1/../../../../arm-none-eabi/lib/thumb/v7-m/nofp/libc_nano.a(libc_a-puts.o) (__swsetup_r)
/usr/bin/../lib/gcc/arm-none-eabi/13.3.1/../../../../arm-none-eabi/lib/thumb/v7-m/nofp/libc_nano.a(libc_a-lock.o)
                              /usr/bin/../lib/gcc/arm-none-eabi/13.3.1/../../../../arm-none-eabi/lib/thumb/v7-m/nofp/libc_nano.a(libc_a-findfp.o) (__retarget_lock_init_recursive)
/usr/bin/../lib/gcc/arm-none-eabi/13.3.1/../../../../arm-none-eabi/lib/thumb/v7-m/nofp/libc_nano.a(libc_a-fflush.o)
                              /usr/bin/../lib/gcc/arm-none-eabi/13.3.1/../../../../arm-none-eabi/lib/thumb/v7-m/nofp/libc_nano.a(libc_a-findfp.o) (_fflush_r)
/usr/bin/../lib/gcc/arm-none-eabi/13.3.1/../../../../arm-none-eabi/lib/thumb/v7-m/nofp/libc_nano.a(libc_a-mallocr.o)
                              /usr/bin/../lib/gcc/arm-none-eabi/13.3.1/../../../../arm-none-eabi/lib/thumb/v7-m/nofp/libc_nano.a(libc_a-findfp.o) (_malloc_r)
/usr/bin/../lib/gcc/arm-none-eabi/13.3.1/../../../../arm-none-eabi/lib/thumb/v7-m/nofp/libc_nano.a(libc_a-closer.o)
                              /usr/bin/../lib/gcc/arm-none-eabi/13.3.1/../../../../arm-none-eabi/lib/thumb/v7-m/nofp/libc_nano.a(libc_a-stdio.o) (_close_r)
/usr/bin/../lib/gcc/arm-none-eabi/13.3.1/../../../../arm-none-eabi/lib/thumb/v7-m/nofp/libc_nano.a(libc_a-reent.o)
                              /usr/bin/../lib/gcc/arm-none-eabi/13.3.1/../../../../arm-none-eabi/lib/thumb/v7-m/nofp/libc_nano.a(libc_a-lseekr.o) (errno)
[...]
Memory Configuration

Name             Origin             Length             Attributes
RAM              0x20000000         0x00010000         xrw
FLASH            0x08000000         0x00080000         xr
*default*        0x00000000         0xffffffff

Linker script and memory map

LOAD /usr/bin/../lib/gcc/arm-none-eabi/13.3.1/thumb/v7-m/nofp/crti.o
LOAD /usr/bin/../lib/gcc/arm-none-eabi/13.3.1/thumb/v7-m/nofp/crtbegin.o
LOAD /usr/bin/../lib/gcc/arm-none-eabi/13.3.1/../../../../arm-none-eabi/lib/thumb/v7-m/nofp/crt0.o
LOAD build/main.o
LOAD build/gpio.o
LOAD build/dma.o
LOAD build/i2s.o
LOAD build/sdio.o
LOAD build/usart.o
LOAD build/stm32f1xx_it.o
LOAD build/stm32f1xx_hal_msp.o
LOAD build/fatfs.o
LOAD build/bsp_driver_sd.o
LOAD build/stm32f1xx_hal_gpio_ex.o
LOAD build/stm32f1xx_hal.o
LOAD build/stm32f1xx_hal_rcc.o
LOAD build/stm32f1xx_hal_rcc_ex.o
LOAD build/stm32f1xx_hal_gpio.o
LOAD build/stm32f1xx_hal_dma.o
LOAD build/stm32f1xx_hal_cortex.o
LOAD build/stm32f1xx_hal_pwr.o
LOAD build/stm32f1xx_hal_flash.o
LOAD build/stm32f1xx_hal_flash_ex.o
LOAD build/stm32f1xx_hal_exti.o
LOAD build/stm32f1xx_hal_i2s.o
LOAD build/stm32f1xx_ll_sdmmc.o
LOAD build/stm32f1xx_hal_sd.o
LOAD build/stm32f1xx_hal_tim.o
LOAD build/stm32f1xx_hal_tim_ex.o
LOAD build/stm32f1xx_hal_uart.o
LOAD build/system_stm32f1xx.o
LOAD build/diskio.o
LOAD build/ff.o
LOAD build/ff_gen_drv.o
LOAD build/syscall.o
LOAD build/sd_diskio.o
LOAD build/sysmem.o
LOAD build/syscalls.o
LOAD build/startup_stm32f103xe.o
LOAD /usr/bin/../lib/gcc/arm-none-eabi/13.3.1/../../../../arm-none-eabi/lib/thumb/v7-m/nofp/libc_nano.a
LOAD /usr/bin/../lib/gcc/arm-none-eabi/13.3.1/../../../../arm-none-eabi/lib/thumb/v7-m/nofp/libm.a
LOAD /usr/bin/../lib/gcc/arm-none-eabi/13.3.1/../../../../arm-none-eabi/lib/thumb/v7-m/nofp/libnosys.a
START GROUP
LOAD /usr/bin/../lib/gcc/arm-none-eabi/13.3.1/thumb/v7-m/nofp/libgcc.a
LOAD /usr/bin/../lib/gcc/arm-none-eabi/13.3.1/../../../../arm-none-eabi/lib/thumb/v7-m/nofp/libc_nano.a
END GROUP
START GROUP
LOAD /usr/bin/../lib/gcc/arm-none-eabi/13.3.1/thumb/v7-m/nofp/libgcc.a
LOAD /usr/bin/../lib/gcc/arm-none-eabi/13.3.1/../../../../arm-none-eabi/lib/thumb/v7-m/nofp/libc_nano.a
END GROUP
LOAD /usr/bin/../lib/gcc/arm-none-eabi/13.3.1/thumb/v7-m/nofp/crtend.o
LOAD /usr/bin/../lib/gcc/arm-none-eabi/13.3.1/thumb/v7-m/nofp/crtn.o
                0x20010000                        _estack = (ORIGIN (RAM) + LENGTH (RAM))
                0x00000200                        _Min_Heap_Size = 0x200
                0x00000400                        _Min_Stack_Size = 0x400

.isr_vector     0x08000000      0x1e4
                0x08000000                        . = ALIGN (0x4)
 *(.isr_vector)
 .isr_vector    0x08000000      0x1e4 build/startup_stm32f103xe.o
                0x08000000                g_pfnVectors
                0x080001e4                        . = ALIGN (0x4)

.text           0x080001e4     0x3c78
                0x080001e4                        . = ALIGN (0x4)
 *(.text)
 *(.text*)
 .text.deregister_tm_clones
                0x080001e4       0x1c /usr/bin/../lib/gcc/arm-none-eabi/13.3.1/thumb/v7-m/nofp/crtbegin.o
 .text.register_tm_clones
                0x08000200       0x24 /usr/bin/../lib/gcc/arm-none-eabi/13.3.1/thumb/v7-m/nofp/crtbegin.o
 .text.__do_global_dtors_aux
                0x08000224       0x28 /usr/bin/../lib/gcc/arm-none-eabi/13.3.1/thumb/v7-m/nofp/crtbegin.o
 .text.frame_dummy
                0x0800024c       0x24 /usr/bin/../lib/gcc/arm-none-eabi/13.3.1/thumb/v7-m/nofp/crtbegin.o
 .text.Error_Handler
                0x08000270       0x10 build/main.o
                0x08000270                Error_Handler
 .text.SystemClock_Config
                0x08000280       0x84 build/main.o
                0x08000280                SystemClock_Config
 .text.main     0x08000304       0x68 build/main.o
                0x08000304                main
 .text.MX_GPIO_Init
                0x0800036c       0x54 build/gpio.o
                0x0800036c                MX_GPIO_Init
 .text.MX_DMA_Init
                0x080003c0       0x34 build/dma.o
                0x080003c0                MX_DMA_Init
 .text.MX_I2S2_Init
                0x080003f4       0x34 build/i2s.o
                0x080003f4                MX_I2S2_Init
 .text.HAL_I2S_MspInit
                0x08000428       0xcc build/i2s.o
                0x08000428                HAL_I2S_MspInit
 .text.MX_SDIO_SD_Init
                0x080004f4       0x24 build/sdio.o
                0x080004f4                MX_SDIO_SD_Init
 .text.HAL_SD_MspInit
                0x08000518       0x88 build/sdio.o
                0x08000518                HAL_SD_MspInit
 .text.MX_USART1_UART_Init
                0x080005a0       0x34 build/usart.o
                0x080005a0                MX_USART1_UART_Init
 .text.MX_USART2_UART_Init
                0x080005d4       0x34 build/usart.o
                0x080005d4                MX_USART2_UART_Init
 .text.HAL_UART_MspInit
                0x08000608       0xd4 build/usart.o
                0x08000608                HAL_UART_MspInit
 .text.NMI_Handler
                0x080006dc        0x2 build/stm32f1xx_it.o
                0x080006dc                NMI_Handler
 .text.HardFault_Handler
                0x080006de        0x2 build/stm32f1xx_it.o
                0x080006de                HardFault_Handler
 .text.MemManage_Handler
                0x080006e0        0x2 build/stm32f1xx_it.o
                0x080006e0                MemManage_Handler
 .text.BusFault_Handler
                0x080006e2        0x2 build/stm32f1xx_it.o
                0x080006e2                BusFault_Handler
 .text.UsageFault_Handler
                0x080006e4        0x2 build/stm32f1xx_it.o
                0x080006e4                UsageFault_Handler
 .text.SVC_Handler
                0x080006e6        0x2 build/stm32f1xx_it.o
                0x080006e6                SVC_Handler
 .text.DebugMon_Handler
                0x080006e8        0x2 build/stm32f1xx_it.o
                0x080006e8                DebugMon_Handler
 .text.PendSV_Handler
                0x080006ea        0x2 build/stm32f1xx_it.o
                0x080006ea                PendSV_Handler
 .text.SysTick_Handler
                0x080006ec        0x8 build/stm32f1xx_it.o
                0x080006ec                SysTick_Handler
 .text.DMA1_Channel5_IRQHandler
                0x080006f4       0x10 build/stm32f1xx_it.o
                0x080006f4                DMA1_Channel5_IRQHandler
 .text.HAL_MspInit
                0x08000704       0x44 build/stm32f1xx_hal_msp.o
                0x08000704                HAL_MspInit
 .text.MX_FATFS_Init
                0x08000748       0x1c build/fatfs.o
                0x08000748                MX_FATFS_Init
 .text.BSP_SD_ReadBlocks
                0x08000764       0x20 build/bsp_driver_sd.o
                0x08000764                BSP_SD_ReadBlocks
 .text.BSP_SD_WriteBlocks
                0x08000784       0x20 build/bsp_driver_sd.o
                0x08000784                BSP_SD_WriteBlocks
 .text.BSP_SD_GetCardState
                0x080007a4       0x14 build/bsp_driver_sd.o
                0x080007a4                BSP_SD_GetCardState
 .text.BSP_SD_GetCardInfo
                0x080007b8       0x10 build/bsp_driver_sd.o
                0x080007b8                BSP_SD_GetCardInfo
 .text.BSP_SD_IsDetected
                0x080007c8       0x10 build/bsp_driver_sd.o
                0x080007c8                BSP_SD_IsDetected
 .text.BSP_SD_Init
                0x080007d8       0x34 build/bsp_driver_sd.o
                0x080007d8                BSP_SD_Init
 .text.HAL_InitTick
                0x0800080c       0x4c build/stm32f1xx_hal.o
                0x0800080c                HAL_InitTick
 .text.HAL_Init
                0x08000858       0x24 build/stm32f1xx_hal.o
                0x08000858                HAL_Init
 .text.HAL_IncTick
                0x0800087c       0x18 build/stm32f1xx_hal.o
                0x0800087c                HAL_IncTick
 .text.HAL_GetTick
                0x08000894        0xc build/stm32f1xx_hal.o
                0x08000894                HAL_GetTick
 .text.HAL_Delay
                0x080008a0       0x28 build/stm32f1xx_hal.o
                0x080008a0                HAL_Delay
 .text.RCC_Delay
                0x080008c8       0x2c build/stm32f1xx_hal_rcc.o
 .text.HAL_RCC_OscConfig
                0x080008f4      0x410 build/stm32f1xx_hal_rcc.o
                0x080008f4                HAL_RCC_OscConfig
 .text.HAL_RCC_GetSysClockFreq
                0x08000d04       0x54 build/stm32f1xx_hal_rcc.o
                0x08000d04                HAL_RCC_GetSysClockFreq
 .text.HAL_RCC_ClockConfig
                0x08000d58      0x16c build/stm32f1xx_hal_rcc.o
                0x08000d58                HAL_RCC_ClockConfig
 .text.HAL_RCC_GetHCLKFreq
                0x08000ec4        0xc build/stm32f1xx_hal_rcc.o
                0x08000ec4                HAL_RCC_GetHCLKFreq
 .text.HAL_RCC_GetPCLK1Freq
                0x08000ed0       0x20 build/stm32f1xx_hal_rcc.o
                0x08000ed0                HAL_RCC_GetPCLK1Freq
 .text.HAL_RCC_GetPCLK2Freq
                0x08000ef0       0x20 build/stm32f1xx_hal_rcc.o
                0x08000ef0                HAL_RCC_GetPCLK2Freq
 .text.HAL_RCCEx_PeriphCLKConfig
                0x08000f10      0x118 build/stm32f1xx_hal_rcc_ex.o
                0x08000f10                HAL_RCCEx_PeriphCLKConfig
 .text.HAL_RCCEx_GetPeriphCLKFreq
                0x08001028       0xf4 build/stm32f1xx_hal_rcc_ex.o
                0x08001028                HAL_RCCEx_GetPeriphCLKFreq
 .text.HAL_GPIO_Init
                0x0800111c      0x238 build/stm32f1xx_hal_gpio.o
                0x0800111c                HAL_GPIO_Init
 .text.HAL_DMA_Init
                0x08001354       0x94 build/stm32f1xx_hal_dma.o
                0x08001354                HAL_DMA_Init
 .text.HAL_DMA_IRQHandler
                0x080013e8      0x2ec build/stm32f1xx_hal_dma.o
                0x080013e8                HAL_DMA_IRQHandler
 .text.__NVIC_SetPriority
                0x080016d4       0x28 build/stm32f1xx_hal_cortex.o
 .text.NVIC_EncodePriority
                0x080016fc       0x3e build/stm32f1xx_hal_cortex.o
 *fill*         0x0800173a        0x2 
 .text.HAL_NVIC_SetPriorityGrouping
                0x0800173c       0x24 build/stm32f1xx_hal_cortex.o
                0x0800173c                HAL_NVIC_SetPriorityGrouping
 .text.HAL_NVIC_SetPriority
                0x08001760       0x20 build/stm32f1xx_hal_cortex.o
                0x08001760                HAL_NVIC_SetPriority
 .text.HAL_NVIC_EnableIRQ
                0x08001780       0x1c build/stm32f1xx_hal_cortex.o
                0x08001780                HAL_NVIC_EnableIRQ
 .text.HAL_SYSTICK_Config
                0x0800179c       0x28 build/stm32f1xx_hal_cortex.o
                0x0800179c                HAL_SYSTICK_Config
 .text.HAL_I2S_Init
                0x080017c4      0x12c build/stm32f1xx_hal_i2s.o
                0x080017c4                HAL_I2S_Init
 .text.SDMMC_GetCmdError
                0x080018f0       0x38 build/stm32f1xx_ll_sdmmc.o
 .text.SDIO_Init
                0x08001928       0x32 build/stm32f1xx_ll_sdmmc.o
                0x08001928                SDIO_Init
 .text.SDIO_ReadFIFO
                0x0800195a        0x6 build/stm32f1xx_ll_sdmmc.o
                0x0800195a                SDIO_ReadFIFO
 .text.SDIO_WriteFIFO
                0x08001960        0xa build/stm32f1xx_ll_sdmmc.o
                0x08001960                SDIO_WriteFIFO
 .text.SDIO_PowerState_ON
                0x0800196a        0x8 build/stm32f1xx_ll_sdmmc.o
                0x0800196a                SDIO_PowerState_ON
 .text.SDIO_GetPowerState
                0x08001972        0x8 build/stm32f1xx_ll_sdmmc.o
                0x08001972                SDIO_GetPowerState
 .text.SDIO_SendCommand
                0x0800197a       0x20 build/stm32f1xx_ll_sdmmc.o
                0x0800197a                SDIO_SendCommand
 .text.SDIO_GetCommandResponse
                0x0800199a        0x6 build/stm32f1xx_ll_sdmmc.o
                0x0800199a                SDIO_GetCommandResponse
 .text.SDIO_GetResponse
                0x080019a0        0x6 build/stm32f1xx_ll_sdmmc.o
                0x080019a0                SDIO_GetResponse
 .text.SDIO_ConfigData
                0x080019a6       0x24 build/stm32f1xx_ll_sdmmc.o
                0x080019a6                SDIO_ConfigData
 .text.SDMMC_CmdGoIdleState
                0x080019ca       0x26 build/stm32f1xx_ll_sdmmc.o
                0x080019ca                SDMMC_CmdGoIdleState
 .text.SDMMC_GetCmdResp1
                0x080019f0      0x154 build/stm32f1xx_ll_sdmmc.o
                0x080019f0                SDMMC_GetCmdResp1
 .text.SDMMC_CmdBlockLength
                0x08001b44       0x30 build/stm32f1xx_ll_sdmmc.o
                0x08001b44                SDMMC_CmdBlockLength
 .text.SDMMC_CmdReadSingleBlock
                0x08001b74       0x30 build/stm32f1xx_ll_sdmmc.o
                0x08001b74                SDMMC_CmdReadSingleBlock
 .text.SDMMC_CmdReadMultiBlock
                0x08001ba4       0x30 build/stm32f1xx_ll_sdmmc.o
                0x08001ba4                SDMMC_CmdReadMultiBlock
 .text.SDMMC_CmdWriteSingleBlock
                0x08001bd4       0x30 build/stm32f1xx_ll_sdmmc.o
                0x08001bd4                SDMMC_CmdWriteSingleBlock
 .text.SDMMC_CmdWriteMultiBlock
                0x08001c04       0x30 build/stm32f1xx_ll_sdmmc.o
                0x08001c04                SDMMC_CmdWriteMultiBlock
 .text.SDMMC_CmdStopTransfer
                0x08001c34       0x34 build/stm32f1xx_ll_sdmmc.o
                0x08001c34                SDMMC_CmdStopTransfer
 .text.SDMMC_CmdSelDesel
                0x08001c68       0x30 build/stm32f1xx_ll_sdmmc.o
                0x08001c68                SDMMC_CmdSelDesel
 .text.SDMMC_CmdAppCommand
                0x08001c98       0x30 build/stm32f1xx_ll_sdmmc.o
                0x08001c98                SDMMC_CmdAppCommand
 .text.SDMMC_CmdBusWidth
                0x08001cc8       0x30 build/stm32f1xx_ll_sdmmc.o
                0x08001cc8                SDMMC_CmdBusWidth
 .text.SDMMC_CmdSendSCR
                0x08001cf8       0x30 build/stm32f1xx_ll_sdmmc.o
                0x08001cf8                SDMMC_CmdSendSCR
 .text.SDMMC_CmdSendStatus
                0x08001d28       0x30 build/stm32f1xx_ll_sdmmc.o
                0x08001d28                SDMMC_CmdSendStatus
 .text.SDMMC_GetCmdResp2
                0x08001d58       0x5c build/stm32f1xx_ll_sdmmc.o
                0x08001d58                SDMMC_GetCmdResp2
 .text.SDMMC_CmdSendCID
                0x08001db4       0x2a build/stm32f1xx_ll_sdmmc.o
                0x08001db4                SDMMC_CmdSendCID
 .text.SDMMC_CmdSendCSD
                0x08001dde       0x2a build/stm32f1xx_ll_sdmmc.o
                0x08001dde                SDMMC_CmdSendCSD
 .text.SDMMC_GetCmdResp3
                0x08001e08       0x4c build/stm32f1xx_ll_sdmmc.o
                0x08001e08                SDMMC_GetCmdResp3
 .text.SDMMC_CmdAppOperCommand
                0x08001e54       0x32 build/stm32f1xx_ll_sdmmc.o
                0x08001e54                SDMMC_CmdAppOperCommand
 *fill*         0x08001e86        0x2 
 .text.SDMMC_GetCmdResp6
                0x08001e88       0xa0 build/stm32f1xx_ll_sdmmc.o
                0x08001e88                SDMMC_GetCmdResp6
 .text.SDMMC_CmdSetRelAdd
                0x08001f28       0x30 build/stm32f1xx_ll_sdmmc.o
                0x08001f28                SDMMC_CmdSetRelAdd
 .text.SDMMC_GetCmdResp7
                0x08001f58       0x64 build/stm32f1xx_ll_sdmmc.o
                0x08001f58                SDMMC_GetCmdResp7
 .text.SDMMC_CmdOperCond
                0x08001fbc       0x2e build/stm32f1xx_ll_sdmmc.o
                0x08001fbc                SDMMC_CmdOperCond
 *fill*         0x08001fea        0x2 
 .text.SD_PowerON
                0x08001fec       0xc0 build/stm32f1xx_hal_sd.o
 .text.SD_FindSCR
                0x080020ac      0x108 build/stm32f1xx_hal_sd.o
 .text.SD_WideBus_Enable
                0x080021b4       0x4e build/stm32f1xx_hal_sd.o
 .text.SD_WideBus_Disable
                0x08002202       0x4e build/stm32f1xx_hal_sd.o
 .text.SD_SendStatus
                0x08002250       0x2c build/stm32f1xx_hal_sd.o
 .text.HAL_SD_ReadBlocks
                0x0800227c      0x250 build/stm32f1xx_hal_sd.o
                0x0800227c                HAL_SD_ReadBlocks
 .text.HAL_SD_WriteBlocks
                0x080024cc      0x20c build/stm32f1xx_hal_sd.o
                0x080024cc                HAL_SD_WriteBlocks
 .text.HAL_SD_GetCardCSD
                0x080026d8      0x1b8 build/stm32f1xx_hal_sd.o
                0x080026d8                HAL_SD_GetCardCSD
 .text.SD_InitCard
                0x08002890      0x100 build/stm32f1xx_hal_sd.o
 .text.HAL_SD_InitCard
                0x08002990       0xa0 build/stm32f1xx_hal_sd.o
                0x08002990                HAL_SD_InitCard
 .text.HAL_SD_Init
                0x08002a30       0x36 build/stm32f1xx_hal_sd.o
                0x08002a30                HAL_SD_Init
 .text.HAL_SD_GetCardInfo
                0x08002a66       0x24 build/stm32f1xx_hal_sd.o
                0x08002a66                HAL_SD_GetCardInfo
 *fill*         0x08002a8a        0x2 
 .text.HAL_SD_ConfigWideBusOperation
                0x08002a8c       0xc0 build/stm32f1xx_hal_sd.o
                0x08002a8c                HAL_SD_ConfigWideBusOperation
 .text.HAL_SD_GetCardState
                0x08002b4c       0x22 build/stm32f1xx_hal_sd.o
                0x08002b4c                HAL_SD_GetCardState
 *fill*         0x08002b6e        0x2 
 .text.UART_SetConfig
                0x08002b70       0x94 build/stm32f1xx_hal_uart.o
 .text.HAL_UART_Init
                0x08002c04       0x60 build/stm32f1xx_hal_uart.o
                0x08002c04                HAL_UART_Init
 .text.SystemInit
                0x08002c64        0x2 build/system_stm32f1xx.o
                0x08002c64                SystemInit
 *fill*         0x08002c66        0x2 
 .text.disk_status
                0x08002c68       0x18 build/diskio.o
                0x08002c68                disk_status
 .text.disk_initialize
                0x08002c80       0x28 build/diskio.o
                0x08002c80                disk_initialize
 .text.disk_read
                0x08002ca8       0x18 build/diskio.o
                0x08002ca8                disk_read
 .text.disk_write
                0x08002cc0       0x18 build/diskio.o
                0x08002cc0                disk_write
 .text.clear_lock
                0x08002cd8       0x44 build/ff.o
 .text.get_ldnumber
                0x08002d1c       0x52 build/ff.o
 .text.sync_window
                0x08002d6e       0x5e build/ff.o
 .text.move_window
                0x08002dcc       0x3a build/ff.o
 *fill*         0x08002e06        0x2 
 .text.check_fs
                0x08002e08       0x90 build/ff.o
 .text.find_volume
                0x08002e98      0x3ac build/ff.o
 .text.f_mount  0x08003244       0x60 build/ff.o
                0x08003244                f_mount
 .text.FATFS_LinkDriverEx
                0x080032a4       0x54 build/ff_gen_drv.o
                0x080032a4                FATFS_LinkDriverEx
 .text.FATFS_LinkDriver
                0x080032f8        0xa build/ff_gen_drv.o
                0x080032f8                FATFS_LinkDriver
 *fill*         0x08003302        0x2 
 .text.SD_initialize
                0x08003304       0x24 build/sd_diskio.o
                0x08003304                SD_initialize
 .text.SD_status
                0x08003328       0x24 build/sd_diskio.o
                0x08003328                SD_status
 .text.SD_read  0x0800334c       0x38 build/sd_diskio.o
                0x0800334c                SD_read
 .text.SD_write
                0x08003384       0x38 build/sd_diskio.o
                0x08003384                SD_write
 .text.SD_ioctl
                0x080033bc       0x54 build/sd_diskio.o
                0x080033bc                SD_ioctl
 .text._sbrk    0x08003410       0x48 build/sysmem.o
                0x08003410                _sbrk
 .text._read    0x08003458       0x20 build/syscalls.o
                0x08003458                _read
 .text._write   0x08003478       0x1c build/syscalls.o
                0x08003478                _write
 .text._close   0x08003494        0x6 build/syscalls.o
                0x08003494                _close
 .text._fstat   0x0800349a        0xa build/syscalls.o
                0x0800349a                _fstat
 .text._isatty  0x080034a4        0x4 build/syscalls.o
                0x080034a4                _isatty
 .text._lseek   0x080034a8        0x4 build/syscalls.o
                0x080034a8                _lseek
 .text.Reset_Handler
                0x080034ac       0x48 build/startup_stm32f103xe.o
                0x080034ac                Reset_Handler
 .text.Default_Handler
                0x080034f4        0x2 build/startup_stm32f103xe.o
                0x080034f4                RTC_Alarm_IRQHandler
                0x080034f4                EXTI2_IRQHandler
                0x080034f4                TIM8_TRG_COM_IRQHandler
                0x080034f4                TIM8_CC_IRQHandler
                0x080034f4                TIM1_CC_IRQHandler
                0x080034f4                TIM6_IRQHandler
                0x080034f4                PVD_IRQHandler
                0x080034f4                SDIO_IRQHandler
                0x080034f4                EXTI3_IRQHandler
                0x080034f4                EXTI0_IRQHandler
                0x080034f4                I2C2_EV_IRQHandler
                0x080034f4                ADC1_2_IRQHandler
                0x080034f4                SPI1_IRQHandler
                0x080034f4                TAMPER_IRQHandler
                0x080034f4                TIM8_UP_IRQHandler
                0x080034f4                DMA2_Channel2_IRQHandler
                0x080034f4                DMA1_Channel4_IRQHandler
                0x080034f4                USART3_IRQHandler
                0x080034f4                RTC_IRQHandler
                0x080034f4                DMA1_Channel7_IRQHandler
                0x080034f4                CAN1_RX1_IRQHandler
                0x080034f4                UART5_IRQHandler
                0x080034f4                ADC3_IRQHandler
                0x080034f4                TIM4_IRQHandler
                0x080034f4                DMA2_Channel1_IRQHandler
                0x080034f4                I2C1_EV_IRQHandler
                0x080034f4                DMA1_Channel6_IRQHandler
                0x080034f4                UART4_IRQHandler
                0x080034f4                TIM3_IRQHandler
                0x080034f4                RCC_IRQHandler
                0x080034f4                TIM1_TRG_COM_IRQHandler
                0x080034f4                DMA1_Channel1_IRQHandler
                0x080034f4                Default_Handler
                0x080034f4                EXTI15_10_IRQHandler
                0x080034f4                TIM7_IRQHandler
                0x080034f4                TIM5_IRQHandler
                0x080034f4                EXTI9_5_IRQHandler
                0x080034f4                SPI2_IRQHandler
                0x080034f4                EXTI4_IRQHandler
                0x080034f4                USB_LP_CAN1_RX0_IRQHandler
                0x080034f4                USB_HP_CAN1_TX_IRQHandler
                0x080034f4                DMA1_Channel3_IRQHandler
                0x080034f4                FSMC_IRQHandler
                0x080034f4                TIM1_UP_IRQHandler
                0x080034f4                WWDG_IRQHandler
                0x080034f4                TIM2_IRQHandler
                0x080034f4                TIM1_BRK_IRQHandler
                0x080034f4                EXTI1_IRQHandler
                0x080034f4                DMA2_Channel4_5_IRQHandler
                0x080034f4                USART2_IRQHandler
                0x080034f4                I2C2_ER_IRQHandler
                0x080034f4                DMA1_Channel2_IRQHandler
                0x080034f4                TIM8_BRK_IRQHandler
                0x080034f4                CAN1_SCE_IRQHandler
                0x080034f4                FLASH_IRQHandler
                0x080034f4                USART1_IRQHandler
                0x080034f4                SPI3_IRQHandler
                0x080034f4                I2C1_ER_IRQHandler
                0x080034f4                USBWakeUp_IRQHandler
                0x080034f4                DMA2_Channel3_IRQHandler
 *fill*         0x080034f6        0x2 
 .text.__errno  0x080034f8        0xc /usr/bin/../lib/gcc/arm-none-eabi/13.3.1/../../../../arm-none-eabi/lib/thumb/v7-m/nofp/libc_nano.a(libc_a-errno.o)
                0x080034f8                __errno
 .text.__libc_init_array
                0x08003504       0x48 /usr/bin/../lib/gcc/arm-none-eabi/13.3.1/../../../../arm-none-eabi/lib/thumb/v7-m/nofp/libc_nano.a(libc_a-init.o)
                0x08003504                __libc_init_array
 .text.memset   0x0800354c       0x10 /usr/bin/../lib/gcc/arm-none-eabi/13.3.1/../../../../arm-none-eabi/lib/thumb/v7-m/nofp/libc_nano.a(libc_a-memset.o)
                0x0800354c                memset
 .text._puts_r  0x0800355c       0xaa /usr/bin/../lib/gcc/arm-none-eabi/13.3.1/../../../../arm-none-eabi/lib/thumb/v7-m/nofp/libc_nano.a(libc_a-puts.o)
                0x0800355c                _puts_r
 *fill*         0x08003606        0x2 
 .text.puts     0x08003608       0x10 /usr/bin/../lib/gcc/arm-none-eabi/13.3.1/../../../../arm-none-eabi/lib/thumb/v7-m/nofp/libc_nano.a(libc_a-puts.o)
                0x08003608                puts
 .text.std      0x08003618       0x6c /usr/bin/../lib/gcc/arm-none-eabi/13.3.1/../../../../arm-none-eabi/lib/thumb/v7-m/nofp/libc_nano.a(libc_a-findfp.o)
 .text.stdio_exit_handler
                0x08003684       0x18 /usr/bin/../lib/gcc/arm-none-eabi/13.3.1/../../../../arm-none-eabi/lib/thumb/v7-m/nofp/libc_nano.a(libc_a-findfp.o)
 .text.cleanup_stdio
                0x0800369c       0x40 /usr/bin/../lib/gcc/arm-none-eabi/13.3.1/../../../../arm-none-eabi/lib/thumb/v7-m/nofp/libc_nano.a(libc_a-findfp.o)
 .text.global_stdio_init.part.0
                0x080036dc       0x3c /usr/bin/../lib/gcc/arm-none-eabi/13.3.1/../../../../arm-none-eabi/lib/thumb/v7-m/nofp/libc_nano.a(libc_a-findfp.o)
 .text.__sfp_lock_acquire
                0x08003718        0xc /usr/bin/../lib/gcc/arm-none-eabi/13.3.1/../../../../arm-none-eabi/lib/thumb/v7-m/nofp/libc_nano.a(libc_a-findfp.o)
                0x08003718                __sfp_lock_acquire
 .text.__sfp_lock_release
                0x08003724        0xc /usr/bin/../lib/gcc/arm-none-eabi/13.3.1/../../../../arm-none-eabi/lib/thumb/v7-m/nofp/libc_nano.a(libc_a-findfp.o)
                0x08003724                __sfp_lock_release
 .text.__sinit  0x08003730       0x30 /usr/bin/../lib/gcc/arm-none-eabi/13.3.1/../../../../arm-none-eabi/lib/thumb/v7-m/nofp/libc_nano.a(libc_a-findfp.o)
                0x08003730                __sinit
 .text.__sread  0x08003760       0x22 /usr/bin/../lib/gcc/arm-none-eabi/13.3.1/../../../../arm-none-eabi/lib/thumb/v7-m/nofp/libc_nano.a(libc_a-stdio.o)
                0x08003760                __sread
 .text.__swrite
                0x08003782       0x38 /usr/bin/../lib/gcc/arm-none-eabi/13.3.1/../../../../arm-none-eabi/lib/thumb/v7-m/nofp/libc_nano.a(libc_a-stdio.o)
                0x08003782                __swrite
 .text.__sseek  0x080037ba       0x24 /usr/bin/../lib/gcc/arm-none-eabi/13.3.1/../../../../arm-none-eabi/lib/thumb/v7-m/nofp/libc_nano.a(libc_a-stdio.o)
                0x080037ba                __sseek
 .text.__sclose
                0x080037de        0x8 /usr/bin/../lib/gcc/arm-none-eabi/13.3.1/../../../../arm-none-eabi/lib/thumb/v7-m/nofp/libc_nano.a(libc_a-stdio.o)
                0x080037de                __sclose
 *fill*         0x080037e6        0x2 
 .text._lseek_r
                0x080037e8       0x24 /usr/bin/../lib/gcc/arm-none-eabi/13.3.1/../../../../arm-none-eabi/lib/thumb/v7-m/nofp/libc_nano.a(libc_a-lseekr.o)
                0x080037e8                _lseek_r
 .text._read_r  0x0800380c       0x24 /usr/bin/../lib/gcc/arm-none-eabi/13.3.1/../../../../arm-none-eabi/lib/thumb/v7-m/nofp/libc_nano.a(libc_a-readr.o)
                0x0800380c                _read_r
 .text._fwalk_sglue
                0x08003830       0x3c /usr/bin/../lib/gcc/arm-none-eabi/13.3.1/../../../../arm-none-eabi/lib/thumb/v7-m/nofp/libc_nano.a(libc_a-fwalk.o)
                0x08003830                _fwalk_sglue
 .text.__swbuf_r
                0x0800386c       0x7c /usr/bin/../lib/gcc/arm-none-eabi/13.3.1/../../../../arm-none-eabi/lib/thumb/v7-m/nofp/libc_nano.a(libc_a-wbuf.o)
                0x0800386c                __swbuf_r
 .text._write_r
                0x080038e8       0x24 /usr/bin/../lib/gcc/arm-none-eabi/13.3.1/../../../../arm-none-eabi/lib/thumb/v7-m/nofp/libc_nano.a(libc_a-writer.o)
                0x080038e8                _write_r
 .text.__swsetup_r
                0x0800390c       0xac /usr/bin/../lib/gcc/arm-none-eabi/13.3.1/../../../../arm-none-eabi/lib/thumb/v7-m/nofp/libc_nano.a(libc_a-wsetup.o)
                0x0800390c                __swsetup_r
 .text.__retarget_lock_init_recursive
                0x080039b8        0x2 /usr/bin/../lib/gcc/arm-none-eabi/13.3.1/../../../../arm-none-eabi/lib/thumb/v7-m/nofp/libc_nano.a(libc_a-lock.o)
                0x080039b8                __retarget_lock_init_recursive
 .text.__retarget_lock_acquire_recursive
                0x080039ba        0x2 /usr/bin/../lib/gcc/arm-none-eabi/13.3.1/../../../../arm-none-eabi/lib/thumb/v7-m/nofp/libc_nano.a(libc_a-lock.o)
                0x080039ba                __retarget_lock_acquire_recursive
 .text.__retarget_lock_release_recursive
                0x080039bc        0x2 /usr/bin/../lib/gcc/arm-none-eabi/13.3.1/../../../../arm-none-eabi/lib/thumb/v7-m/nofp/libc_nano.a(libc_a-lock.o)
                0x080039bc                __retarget_lock_release_recursive
 *fill*         0x080039be        0x2 
 .text.__sflush_r
                0x080039c0      0x100 /usr/bin/../lib/gcc/arm-none-eabi/13.3.1/../../../../arm-none-eabi/lib/thumb/v7-m/nofp/libc_nano.a(libc_a-fflush.o)
                0x080039c0                __sflush_r
 .text._fflush_r
                0x08003ac0       0x50 /usr/bin/../lib/gcc/arm-none-eabi/13.3.1/../../../../arm-none-eabi/lib/thumb/v7-m/nofp/libc_nano.a(libc_a-fflush.o)
                0x08003ac0                _fflush_r
 .text.sbrk_aligned
                0x08003b10       0x44 /usr/bin/../lib/gcc/arm-none-eabi/13.3.1/../../../../arm-none-eabi/lib/thumb/v7-m/nofp/libc_nano.a(libc_a-mallocr.o)
 .text._malloc_r
                0x08003b54      0x100 /usr/bin/../lib/gcc/arm-none-eabi/13.3.1/../../../../arm-none-eabi/lib/thumb/v7-m/nofp/libc_nano.a(libc_a-mallocr.o)
                0x08003b54                _malloc_r
 .text._close_r
                0x08003c54       0x20 /usr/bin/../lib/gcc/arm-none-eabi/13.3.1/../../../../arm-none-eabi/lib/thumb/v7-m/nofp/libc_nano.a(libc_a-closer.o)
                0x08003c54                _close_r
 .text.__malloc_lock
                0x08003c74        0xc /usr/bin/../lib/gcc/arm-none-eabi/13.3.1/../../../../arm-none-eabi/lib/thumb/v7-m/nofp/libc_nano.a(libc_a-mlock.o)
                0x08003c74                __malloc_lock
 .text.__malloc_unlock
                0x08003c80        0xc /usr/bin/../lib/gcc/arm-none-eabi/13.3.1/../../../../arm-none-eabi/lib/thumb/v7-m/nofp/libc_nano.a(libc_a-mlock.o)
                0x08003c80                __malloc_unlock
 .text._sbrk_r  0x08003c8c       0x20 /usr/bin/../lib/gcc/arm-none-eabi/13.3.1/../../../../arm-none-eabi/lib/thumb/v7-m/nofp/libc_nano.a(libc_a-sbrkr.o)
                0x08003c8c                _sbrk_r
 .text._free_r  0x08003cac       0x90 /usr/bin/../lib/gcc/arm-none-eabi/13.3.1/../../../../arm-none-eabi/lib/thumb/v7-m/nofp/libc_nano.a(libc_a-freer.o)
                0x08003cac                _free_r
 .text.__swhatbuf_r
                0x08003d3c       0x4a /usr/bin/../lib/gcc/arm-none-eabi/13.3.1/../../../../arm-none-eabi/lib/thumb/v7-m/nofp/libc_nano.a(libc_a-makebuf.o)
                0x08003d3c                __swhatbuf_r
 .text.__smakebuf_r
                0x08003d86       0x78 /usr/bin/../lib/gcc/arm-none-eabi/13.3.1/../../../../arm-none-eabi/lib/thumb/v7-m/nofp/libc_nano.a(libc_a-makebuf.o)
                0x08003d86                __smakebuf_r
 *fill*         0x08003dfe        0x2 
 .text._fstat_r
                0x08003e00       0x24 /usr/bin/../lib/gcc/arm-none-eabi/13.3.1/../../../../arm-none-eabi/lib/thumb/v7-m/nofp/libc_nano.a(libc_a-fstatr.o)
                0x08003e00                _fstat_r
 .text._isatty_r
                0x08003e24       0x20 /usr/bin/../lib/gcc/arm-none-eabi/13.3.1/../../../../arm-none-eabi/lib/thumb/v7-m/nofp/libc_nano.a(libc_a-isattyr.o)
                0x08003e24                _isatty_r
 *(.glue_7)
 .glue_7        0x08003e44        0x0 linker stubs
 *(.glue_7t)
 .glue_7t       0x08003e44        0x0 linker stubs
 *(.eh_frame)
 .eh_frame      0x08003e44        0x0 /usr/bin/../lib/gcc/arm-none-eabi/13.3.1/thumb/v7-m/nofp/crtbegin.o
 *(.init)
 .init          0x08003e44        0x4 /usr/bin/../lib/gcc/arm-none-eabi/13.3.1/thumb/v7-m/nofp/crti.o
                0x08003e44                _init
 .init          0x08003e48        0x8 /usr/bin/../lib/gcc/arm-none-eabi/13.3.1/thumb/v7-m/nofp/crtn.o
 *(.fini)
 .fini          0x08003e50        0x4 /usr/bin/../lib/gcc/arm-none-eabi/13.3.1/thumb/v7-m/nofp/crti.o
                0x08003e50                _fini
 .fini          0x08003e54        0x8 /usr/bin/../lib/gcc/arm-none-eabi/13.3.1/thumb/v7-m/nofp/crtn.o
                0x08003e5c                        . = ALIGN (0x4)
                0x08003e5c                        _etext = .

.vfp11_veneer   0x08003e5c        0x0
 .vfp11_veneer  0x08003e5c        0x0 linker stubs

.v4_bx          0x08003e5c        0x0
 .v4_bx         0x08003e5c        0x0 linker stubs

.iplt           0x08003e5c        0x0
 .iplt          0x08003e5c        0x0 /usr/bin/../lib/gcc/arm-none-eabi/13.3.1/thumb/v7-m/nofp/crtbegin.o

.rodata         0x08003e5c       0x94
                0x08003e5c                        . = ALIGN (0x4)
 *(.rodata)
 *(.rodata*)
 .rodata.Error_Handler.str1.4
                0x08003e5c       0x3d build/main.o
                                  0xf (size before relaxing)
 .rodata.main.str1.4
                0x08003e99       0x2d build/main.o
 *fill*         0x08003e99        0x3 
 .rodata.aPredivFactorTable.0
                0x08003e9c        0x2 build/stm32f1xx_hal_rcc.o
 *fill*         0x08003e9e        0x2 
 .rodata.aPLLMULFactorTable.1
                0x08003ea0       0x10 build/stm32f1xx_hal_rcc.o
 .rodata.aPredivFactorTable.0
                0x08003eb0        0x2 build/stm32f1xx_hal_rcc_ex.o
 *fill*         0x08003eb2        0x2 
 .rodata.aPLLMULFactorTable.1
                0x08003eb4       0x10 build/stm32f1xx_hal_rcc_ex.o
 .rodata.APBPrescTable
                0x08003ec4        0x8 build/system_stm32f1xx.o
                0x08003ec4                APBPrescTable
 .rodata.AHBPrescTable
                0x08003ecc       0x10 build/system_stm32f1xx.o
                0x08003ecc                AHBPrescTable
 .rodata.SD_Driver
                0x08003edc       0x14 build/sd_diskio.o
                0x08003edc                SD_Driver
                0x08003ef0                        . = ALIGN (0x4)

.rel.dyn        0x08003ef0        0x0
 .rel.iplt      0x08003ef0        0x0 /usr/bin/../lib/gcc/arm-none-eabi/13.3.1/thumb/v7-m/nofp/crtbegin.o

.ARM.extab
 *(.ARM.extab* .gnu.linkonce.armextab.*)

.ARM            0x08003ef0        0x0
                0x08003ef0                        __exidx_start = .
 *(.ARM.exidx*)
                0x08003ef0                        __exidx_end = .

.preinit_array  0x08003ef0        0x0
                0x08003ef0                        PROVIDE (__preinit_array_start = .)
 *(.preinit_array*)
                0x08003ef0                        PROVIDE (__preinit_array_end = .)

.init_array     0x08003ef0        0x4
                0x08003ef0                        PROVIDE (__init_array_start = .)
 *(SORT_BY_NAME(.init_array.*))
 *(.init_array*)
 .init_array    0x08003ef0        0x4 /usr/bin/../lib/gcc/arm-none-eabi/13.3.1/thumb/v7-m/nofp/crtbegin.o
                0x08003ef4                        PROVIDE (__init_array_end = .)

.fini_array     0x08003ef4        0x4
                [!provide]                        PROVIDE (__fini_array_start = .)
 *(SORT_BY_NAME(.fini_array.*))
 *(.fini_array*)
 .fini_array    0x08003ef4        0x4 /usr/bin/../lib/gcc/arm-none-eabi/13.3.1/thumb/v7-m/nofp/crtbegin.o
                [!provide]                        PROVIDE (__fini_array_end = .)
                0x08003ef8                        _sidata = LOADADDR (.data)

.data           0x20000000       0x6c load address 0x08003ef8
                0x20000000                        . = ALIGN (0x4)
                0x20000000                        _sdata = .
 *(.data)
 *(.data*)
 .data.uwTickFreq
                0x20000000        0x1 build/stm32f1xx_hal.o
                0x20000000                uwTickFreq
 *fill*         0x20000001        0x3 
 .data.uwTickPrio
                0x20000004        0x4 build/stm32f1xx_hal.o
                0x20000004                uwTickPrio
 .data.SystemCoreClock
                0x20000008        0x4 build/system_stm32f1xx.o
                0x20000008                SystemCoreClock
 .data.Stat     0x2000000c        0x1 build/sd_diskio.o
 *fill*         0x2000000d        0x3 
 .data._impure_ptr
                0x20000010        0x4 /usr/bin/../lib/gcc/arm-none-eabi/13.3.1/../../../../arm-none-eabi/lib/thumb/v7-m/nofp/libc_nano.a(libc_a-impure.o)
                0x20000010                _impure_ptr
 .data._impure_data
                0x20000014       0x4c /usr/bin/../lib/gcc/arm-none-eabi/13.3.1/../../../../arm-none-eabi/lib/thumb/v7-m/nofp/libc_nano.a(libc_a-impure.o)
                0x20000014                _impure_data
 .data.__sglue  0x20000060        0xc /usr/bin/../lib/gcc/arm-none-eabi/13.3.1/../../../../arm-none-eabi/lib/thumb/v7-m/nofp/libc_nano.a(libc_a-findfp.o)
                0x20000060                __sglue
                0x2000006c                        . = ALIGN (0x4)
                0x2000006c                        _edata = .

.tm_clone_table
                0x2000006c        0x0 load address 0x08003f64
 .tm_clone_table
                0x2000006c        0x0 /usr/bin/../lib/gcc/arm-none-eabi/13.3.1/thumb/v7-m/nofp/crtbegin.o
 .tm_clone_table
                0x2000006c        0x0 /usr/bin/../lib/gcc/arm-none-eabi/13.3.1/thumb/v7-m/nofp/crtend.o

.igot.plt       0x2000006c        0x0 load address 0x08003f64
 .igot.plt      0x2000006c        0x0 /usr/bin/../lib/gcc/arm-none-eabi/13.3.1/thumb/v7-m/nofp/crtbegin.o
                0x2000006c                        . = ALIGN (0x4)

.bss            0x2000006c      0x568 load address 0x08003f64
                0x2000006c                        _sbss = .
                0x2000006c                        __bss_start__ = _sbss
 *(.bss)
 *(.bss*)
 .bss.completed.1
                0x2000006c        0x1 /usr/bin/../lib/gcc/arm-none-eabi/13.3.1/thumb/v7-m/nofp/crtbegin.o
 *fill*         0x2000006d        0x3 
 .bss.object.0  0x20000070       0x18 /usr/bin/../lib/gcc/arm-none-eabi/13.3.1/thumb/v7-m/nofp/crtbegin.o
 .bss.hdma_spi2_tx
                0x20000088       0x44 build/i2s.o
                0x20000088                hdma_spi2_tx
 .bss.hi2s2     0x200000cc       0x3c build/i2s.o
                0x200000cc                hi2s2
 .bss.hsd       0x20000108       0x84 build/sdio.o
                0x20000108                hsd
 .bss.huart2    0x2000018c       0x48 build/usart.o
                0x2000018c                huart2
 .bss.huart1    0x200001d4       0x48 build/usart.o
                0x200001d4                huart1
 .bss.SDFatFS   0x2000021c      0x230 build/fatfs.o
                0x2000021c                SDFatFS
 .bss.SDPath    0x2000044c        0x4 build/fatfs.o
                0x2000044c                SDPath
 .bss.retSD     0x20000450        0x1 build/fatfs.o
                0x20000450                retSD
 *fill*         0x20000451        0x3 
 .bss.uwTick    0x20000454        0x4 build/stm32f1xx_hal.o
                0x20000454                uwTick
 .bss.Files     0x20000458       0x18 build/ff.o
 .bss.Fsid      0x20000470        0x2 build/ff.o
 *fill*         0x20000472        0x2 
 .bss.FatFs     0x20000474        0x4 build/ff.o
 .bss.disk      0x20000478        0xc build/ff_gen_drv.o
                0x20000478                disk
 .bss.__sbrk_heap_end
                0x20000484        0x4 build/sysmem.o
 .bss.__sf      0x20000488      0x138 /usr/bin/../lib/gcc/arm-none-eabi/13.3.1/../../../../arm-none-eabi/lib/thumb/v7-m/nofp/libc_nano.a(libc_a-findfp.o)
                0x20000488                __sf
 .bss.__stdio_exit_handler
                0x200005c0        0x4 /usr/bin/../lib/gcc/arm-none-eabi/13.3.1/../../../../arm-none-eabi/lib/thumb/v7-m/nofp/libc_nano.a(libc_a-findfp.o)
                0x200005c0                __stdio_exit_handler
 .bss.__lock___malloc_recursive_mutex
                0x200005c4        0x1 /usr/bin/../lib/gcc/arm-none-eabi/13.3.1/../../../../arm-none-eabi/lib/thumb/v7-m/nofp/libc_nano.a(libc_a-lock.o)
                0x200005c4                __lock___malloc_recursive_mutex
 .bss.__lock___sfp_recursive_mutex
                0x200005c5        0x1 /usr/bin/../lib/gcc/arm-none-eabi/13.3.1/../../../../arm-none-eabi/lib/thumb/v7-m/nofp/libc_nano.a(libc_a-lock.o)
                0x200005c5                __lock___sfp_recursive_mutex
 *fill*         0x200005c6        0x2 
 .bss.__malloc_sbrk_start
                0x200005c8        0x4 /usr/bin/../lib/gcc/arm-none-eabi/13.3.1/../../../../arm-none-eabi/lib/thumb/v7-m/nofp/libc_nano.a(libc_a-mallocr.o)
                0x200005c8                __malloc_sbrk_start
 .bss.__malloc_free_list
                0x200005cc        0x4 /usr/bin/../lib/gcc/arm-none-eabi/13.3.1/../../../../arm-none-eabi/lib/thumb/v7-m/nofp/libc_nano.a(libc_a-mallocr.o)
                0x200005cc                __malloc_free_list
 .bss.errno     0x200005d0        0x4 /usr/bin/../lib/gcc/arm-none-eabi/13.3.1/../../../../arm-none-eabi/lib/thumb/v7-m/nofp/libc_nano.a(libc_a-reent.o)
                0x200005d0                errno
 *(COMMON)
                0x200005d4                        . = ALIGN (0x4)
                0x200005d4                        _ebss = .
                0x200005d4                        __bss_end__ = _ebss

._user_heap_stack
                0x200005d4      0x604 load address 0x08003f64
                0x200005d8                        . = ALIGN (0x8)
 *fill*         0x200005d4        0x4 
                [!provide]                        PROVIDE (end = .)
                0x200005d8                        PROVIDE (_end = .)
                0x200007d8                        . = (. + _Min_Heap_Size)
 *fill*         0x200005d8      0x200 
                0x20000bd8                        . = (. + _Min_Stack_Size)
 *fill*         0x200007d8      0x400 
                0x20000bd8                        . = ALIGN (0x8)

/DISCARD/
 libc.a(*)
 libm.a(*)
 libgcc.a(*)
OUTPUT(build/PoleStar_rm.elf elf32-littlearm)
LOAD linker stubs
LOAD /usr/bin/../lib/gcc/arm-none-eabi/13.3.1/../../../../arm-none-eabi/lib/thumb/v7-m/nofp/libc.a
LOAD /usr/bin/../lib/gcc/arm-none-eabi/13.3.1/../../../../arm-none-eabi/lib/thumb/v7-m/nofp/libm.a
LOAD /usr/bin/../lib/gcc/arm-none-eabi/13.3.1/thumb/v7-m/nofp/libgcc.a

.ARM.attributes
                0x00000000       0x29
 .ARM.attributes
                0x00000000       0x1d /usr/bin/../lib/gcc/arm-none-eabi/13.3.1/thumb/v7-m/nofp/crti.o
 .ARM.attributes
                0x0000001d       0x2d /usr/bin/../lib/gcc/arm-none-eabi/13.3.1/thumb/v7-m/nofp/crtbegin.o
 .ARM.attributes
                0x0000004a       0x2d build/main.o
 .ARM.attributes
                0x00000077       0x2d build/gpio.o
 .ARM.attributes
                0x000000a4       0x2d build/dma.o
 .ARM.attributes
                0x000000d1       0x2d build/i2s.o
 .ARM.attributes
                0x000000fe       0x2d build/sdio.o
 .ARM.attributes
                0x0000012b       0x2d build/usart.o
 .ARM.attributes
                0x00000158       0x2d build/stm32f1xx_it.o
 .ARM.attributes
                0x00000185       0x2d build/stm32f1xx_hal_msp.o
 .ARM.attributes
                0x000001b2       0x2d build/fatfs.o
 .ARM.attributes
                0x000001df       0x2d build/bsp_driver_sd.o
 .ARM.attributes
                0x0000020c       0x2d build/stm32f1xx_hal.o
 .ARM.attributes
                0x00000239       0x2d build/stm32f1xx_hal_rcc.o
 .ARM.attributes
                0x00000266       0x2d build/stm32f1xx_hal_rcc_ex.o
 .ARM.attributes
                0x00000293       0x2d build/stm32f1xx_hal_gpio.o
 .ARM.attributes
                0x000002c0       0x2d build/stm32f1xx_hal_dma.o
 .ARM.attributes
                0x000002ed       0x2d build/stm32f1xx_hal_cortex.o
 .ARM.attributes
                0x0000031a       0x2d build/stm32f1xx_hal_i2s.o
 .ARM.attributes
                0x00000347       0x2d build/stm32f1xx_ll_sdmmc.o
 .ARM.attributes
                0x00000374       0x2d build/stm32f1xx_hal_sd.o
 .ARM.attributes
                0x000003a1       0x2d build/stm32f1xx_hal_uart.o
 .ARM.attributes
                0x000003ce       0x2d build/system_stm32f1xx.o
 .ARM.attributes
                0x000003fb       0x2d build/diskio.o
 .ARM.attributes
                0x00000428       0x2d build/ff.o
 .ARM.attributes
                0x00000455       0x2d build/ff_gen_drv.o
 .ARM.attributes
                0x00000482       0x2d build/sd_diskio.o
 .ARM.attributes
                0x000004af       0x2d build/sysmem.o
 .ARM.attributes
                0x000004dc       0x2d build/syscalls.o
 .ARM.attributes
                0x00000509       0x21 build/startup_stm32f103xe.o
 .ARM.attributes
                0x0000052a       0x2d /usr/bin/../lib/gcc/arm-none-eabi/13.3.1/../../../../arm-none-eabi/lib/thumb/v7-m/nofp/libc_nano.a(libc_a-errno.o)
 .ARM.attributes
                0x00000557       0x2d /usr/bin/../lib/gcc/arm-none-eabi/13.3.1/../../../../arm-none-eabi/lib/thumb/v7-m/nofp/libc_nano.a(libc_a-init.o)
 .ARM.attributes
                0x00000584       0x2d /usr/bin/../lib/gcc/arm-none-eabi/13.3.1/../../../../arm-none-eabi/lib/thumb/v7-m/nofp/libc_nano.a(libc_a-memset.o)
 .ARM.attributes
                0x000005b1       0x2d /usr/bin/../lib/gcc/arm-none-eabi/13.3.1/../../../../arm-none-eabi/lib/thumb/v7-m/nofp/libc_nano.a(libc_a-puts.o)
 .ARM.attributes
                0x000005de       0x2d /usr/bin/../lib/gcc/arm-none-eabi/13.3.1/../../../../arm-none-eabi/lib/thumb/v7-m/nofp/libc_nano.a(libc_a-impure.o)
 .ARM.attributes
                0x0000060b       0x2d /usr/bin/../lib/gcc/arm-none-eabi/13.3.1/../../../../arm-none-eabi/lib/thumb/v7-m/nofp/libc_nano.a(libc_a-findfp.o)
 .ARM.attributes
                0x00000638       0x2d /usr/bin/../lib/gcc/arm-none-eabi/13.3.1/../../../../arm-none-eabi/lib/thumb/v7-m/nofp/libc_nano.a(libc_a-stdio.o)
 .ARM.attributes
                0x00000665       0x2d /usr/bin/../lib/gcc/arm-none-eabi/13.3.1/../../../../arm-none-eabi/lib/thumb/v7-m/nofp/libc_nano.a(libc_a-lseekr.o)
 .ARM.attributes
                0x00000692       0x2d /usr/bin/../lib/gcc/arm-none-eabi/13.3.1/../../../../arm-none-eabi/lib/thumb/v7-m/nofp/libc_nano.a(libc_a-readr.o)
 .ARM.attributes
                0x000006bf       0x2d /usr/bin/../lib/gcc/arm-none-eabi/13.3.1/../../../../arm-none-eabi/lib/thumb/v7-m/nofp/libc_nano.a(libc_a-fwalk.o)
 .ARM.attributes
                0x000006ec       0x2d /usr/bin/../lib/gcc/arm-none-eabi/13.3.1/../../../../arm-none-eabi/lib/thumb/v7-m/nofp/libc_nano.a(libc_a-wbuf.o)
 .ARM.attributes
                0x00000719       0x2d /usr/bin/../lib/gcc/arm-none-eabi/13.3.1/../../../../arm-none-eabi/lib/thumb/v7-m/nofp/libc_nano.a(libc_a-writer.o)
 .ARM.attributes
                0x00000746       0x2d /usr/bin/../lib/gcc/arm-none-eabi/13.3.1/../../../../arm-none-eabi/lib/thumb/v7-m/nofp/libc_nano.a(libc_a-wsetup.o)
 .ARM.attributes
                0x00000773       0x2d /usr/bin/../lib/gcc/arm-none-eabi/13.3.1/../../../../arm-none-eabi/lib/thumb/v7-m/nofp/libc_nano.a(libc_a-lock.o)
 .ARM.attributes
                0x000007a0       0x2d /usr/bin/../lib/gcc/arm-none-eabi/13.3.1/../../../../arm-none-eabi/lib/thumb/v7-m/nofp/libc_nano.a(libc_a-fflush.o)
 .ARM.attributes
                0x000007cd       0x2d /usr/bin/../lib/gcc/arm-none-eabi/13.3.1/../../../../arm-none-eabi/lib/thumb/v7-m/nofp/libc_nano.a(libc_a-mallocr.o)
 .ARM.attributes
                0x000007fa       0x2d /usr/bin/../lib/gcc/arm-none-eabi/13.3.1/../../../../arm-none-eabi/lib/thumb/v7-m/nofp/libc_nano.a(libc_a-closer.o)
 .ARM.attributes
                0x00000827       0x2d /usr/bin/../lib/gcc/arm-none-eabi/13.3.1/../../../../arm-none-eabi/lib/thumb/v7-m/nofp/libc_nano.a(libc_a-reent.o)
 .ARM.attributes
                0x00000854       0x2d /usr/bin/../lib/gcc/arm-none-eabi/13.3.1/../../../../arm-none-eabi/lib/thumb/v7-m/nofp/libc_nano.a(libc_a-mlock.o)
 .ARM.attributes
                0x00000881       0x2d /usr/bin/../lib/gcc/arm-none-eabi/13.3.1/../../../../arm-none-eabi/lib/thumb/v7-m/nofp/libc_nano.a(libc_a-sbrkr.o)
 .ARM.attributes
                0x000008ae       0x2d /usr/bin/../lib/gcc/arm-none-eabi/13.3.1/../../../../arm-none-eabi/lib/thumb/v7-m/nofp/libc_nano.a(libc_a-freer.o)
 .ARM.attributes
                0x000008db       0x2d /usr/bin/../lib/gcc/arm-none-eabi/13.3.1/../../../../arm-none-eabi/lib/thumb/v7-m/nofp/libc_nano.a(libc_a-makebuf.o)
 .ARM.attributes
                0x00000908       0x2d /usr/bin/../lib/gcc/arm-none-eabi/13.3.1/../../../../arm-none-eabi/lib/thumb/v7-m/nofp/libc_nano.a(libc_a-fstatr.o)
 .ARM.attributes
                0x00000935       0x2d /usr/bin/../lib/gcc/arm-none-eabi/13.3.1/../../../../arm-none-eabi/lib/thumb/v7-m/nofp/libc_nano.a(libc_a-isattyr.o)
 .ARM.attributes
                0x00000962       0x2d /usr/bin/../lib/gcc/arm-none-eabi/13.3.1/thumb/v7-m/nofp/crtend.o
 .ARM.attributes
                0x0000098f       0x1d /usr/bin/../lib/gcc/arm-none-eabi/13.3.1/thumb/v7-m/nofp/crtn.o

.comment        0x00000000       0x45
 .comment       0x00000000       0x45 build/main.o
                                 0x46 (size before relaxing)
 .comment       0x00000045       0x46 build/gpio.o
 .comment       0x00000045       0x46 build/dma.o
 .comment       0x00000045       0x46 build/i2s.o
 .comment       0x00000045       0x46 build/sdio.o
 .comment       0x00000045       0x46 build/usart.o
 .comment       0x00000045       0x46 build/stm32f1xx_it.o
 .comment       0x00000045       0x46 build/stm32f1xx_hal_msp.o
 .comment       0x00000045       0x46 build/fatfs.o
 .comment       0x00000045       0x46 build/bsp_driver_sd.o
 .comment       0x00000045       0x46 build/stm32f1xx_hal.o
 .comment       0x00000045       0x46 build/stm32f1xx_hal_rcc.o
 .comment       0x00000045       0x46 build/stm32f1xx_hal_rcc_ex.o
 .comment       0x00000045       0x46 build/stm32f1xx_hal_gpio.o
 .comment       0x00000045       0x46 build/stm32f1xx_hal_dma.o
 .comment       0x00000045       0x46 build/stm32f1xx_hal_cortex.o
 .comment       0x00000045       0x46 build/stm32f1xx_hal_i2s.o
 .comment       0x00000045       0x46 build/stm32f1xx_ll_sdmmc.o
 .comment       0x00000045       0x46 build/stm32f1xx_hal_sd.o
 .comment       0x00000045       0x46 build/stm32f1xx_hal_uart.o
 .comment       0x00000045       0x46 build/system_stm32f1xx.o
 .comment       0x00000045       0x46 build/diskio.o
 .comment       0x00000045       0x46 build/ff.o
 .comment       0x00000045       0x46 build/ff_gen_drv.o
 .comment       0x00000045       0x46 build/sd_diskio.o
 .comment       0x00000045       0x46 build/sysmem.o
 .comment       0x00000045       0x46 build/syscalls.o

.debug_info     0x00000000    0x16fa6
 .debug_info    0x00000000      0x823 build/main.o
 .debug_info    0x00000823      0x1d3 build/gpio.o
 .debug_info    0x000009f6      0x39b build/dma.o
 .debug_info    0x00000d91      0x991 build/i2s.o
 .debug_info    0x00001722      0xa46 build/sdio.o
 .debug_info    0x00002168      0xa21 build/usart.o
 .debug_info    0x00002b89      0x426 build/stm32f1xx_it.o
 .debug_info    0x00002faf      0x238 build/stm32f1xx_hal_msp.o
 .debug_info    0x000031e7      0x596 build/fatfs.o
 .debug_info    0x0000377d      0xdf9 build/bsp_driver_sd.o
 .debug_info    0x00004576      0x8e6 build/stm32f1xx_hal.o
 .debug_info    0x00004e5c      0xb10 build/stm32f1xx_hal_rcc.o
 .debug_info    0x0000596c      0x4bf build/stm32f1xx_hal_rcc_ex.o
 .debug_info    0x00005e2b      0x6d7 build/stm32f1xx_hal_gpio.o
 .debug_info    0x00006502      0x8d4 build/stm32f1xx_hal_dma.o
 .debug_info    0x00006dd6      0xea5 build/stm32f1xx_hal_cortex.o
 .debug_info    0x00007c7b     0x117d build/stm32f1xx_hal_i2s.o
 .debug_info    0x00008df8     0x1b06 build/stm32f1xx_ll_sdmmc.o
 .debug_info    0x0000a8fe     0x29d5 build/stm32f1xx_hal_sd.o
 .debug_info    0x0000d2d3     0x430f build/stm32f1xx_hal_uart.o
 .debug_info    0x000115e2      0x26e build/system_stm32f1xx.o
 .debug_info    0x00011850      0x51f build/diskio.o
 .debug_info    0x00011d6f     0x3d98 build/ff.o
 .debug_info    0x00015b07      0x44d build/ff_gen_drv.o
 .debug_info    0x00015f54      0x64e build/sd_diskio.o
 .debug_info    0x000165a2      0x18c build/sysmem.o
 .debug_info    0x0001672e      0x848 build/syscalls.o
 .debug_info    0x00016f76       0x30 build/startup_stm32f103xe.o

.debug_abbrev   0x00000000     0x3722
 .debug_abbrev  0x00000000      0x241 build/main.o
 .debug_abbrev  0x00000241       0xc1 build/gpio.o
 .debug_abbrev  0x00000302      0x11d build/dma.o
 .debug_abbrev  0x0000041f      0x1fe build/i2s.o
 .debug_abbrev  0x0000061d      0x1da build/sdio.o
 .debug_abbrev  0x000007f7      0x1fd build/usart.o
 .debug_abbrev  0x000009f4      0x16b build/stm32f1xx_it.o
 .debug_abbrev  0x00000b5f       0xe7 build/stm32f1xx_hal_msp.o
 .debug_abbrev  0x00000c46      0x18e build/fatfs.o
 .debug_abbrev  0x00000dd4      0x2a6 build/bsp_driver_sd.o
 .debug_abbrev  0x0000107a      0x232 build/stm32f1xx_hal.o
 .debug_abbrev  0x000012ac      0x2d6 build/stm32f1xx_hal_rcc.o
 .debug_abbrev  0x00001582      0x1d4 build/stm32f1xx_hal_rcc_ex.o
 .debug_abbrev  0x00001756      0x222 build/stm32f1xx_hal_gpio.o
 .debug_abbrev  0x00001978      0x261 build/stm32f1xx_hal_dma.o
 .debug_abbrev  0x00001bd9      0x3aa build/stm32f1xx_hal_cortex.o
 .debug_abbrev  0x00001f83      0x282 build/stm32f1xx_hal_i2s.o
 .debug_abbrev  0x00002205      0x236 build/stm32f1xx_ll_sdmmc.o
 .debug_abbrev  0x0000243b      0x306 build/stm32f1xx_hal_sd.o
 .debug_abbrev  0x00002741      0x35f build/stm32f1xx_hal_uart.o
 .debug_abbrev  0x00002aa0      0x140 build/system_stm32f1xx.o
 .debug_abbrev  0x00002be0      0x1b9 build/diskio.o
 .debug_abbrev  0x00002d99      0x310 build/ff.o
 .debug_abbrev  0x000030a9      0x1c9 build/ff_gen_drv.o
 .debug_abbrev  0x00003272      0x1c5 build/sd_diskio.o
 .debug_abbrev  0x00003437       0xeb build/sysmem.o
 .debug_abbrev  0x00003522      0x1e3 build/syscalls.o
 .debug_abbrev  0x00003705       0x1d build/startup_stm32f103xe.o

.debug_loc      0x00000000    0x148de
 .debug_loc     0x00000000       0x86 build/main.o
 .debug_loc     0x00000086       0x2c build/gpio.o
 .debug_loc     0x000000b2       0x38 build/dma.o
 .debug_loc     0x000000ea      0x101 build/i2s.o
 .debug_loc     0x000001eb      0x100 build/sdio.o
 .debug_loc     0x000002eb      0x186 build/usart.o
 .debug_loc     0x00000471       0x40 build/stm32f1xx_it.o
 .debug_loc     0x000004b1       0x41 build/stm32f1xx_hal_msp.o
 .debug_loc     0x000004f2       0x20 build/fatfs.o
 .debug_loc     0x00000512      0x6e4 build/bsp_driver_sd.o
 .debug_loc     0x00000bf6      0x1f9 build/stm32f1xx_hal.o
 .debug_loc     0x00000def      0x7c6 build/stm32f1xx_hal_rcc.o
 .debug_loc     0x000015b5      0x42a build/stm32f1xx_hal_rcc_ex.o
 .debug_loc     0x000019df      0x56c build/stm32f1xx_hal_gpio.o
 .debug_loc     0x00001f4b      0x98d build/stm32f1xx_hal_dma.o
 .debug_loc     0x000028d8      0x8b4 build/stm32f1xx_hal_cortex.o
 .debug_loc     0x0000318c     0x1429 build/stm32f1xx_hal_i2s.o
 .debug_loc     0x000045b5     0x185c build/stm32f1xx_ll_sdmmc.o
 .debug_loc     0x00005e11     0x2a37 build/stm32f1xx_hal_sd.o
 .debug_loc     0x00008848     0x4ff4 build/stm32f1xx_hal_uart.o
 .debug_loc     0x0000d83c      0x11b build/system_stm32f1xx.o
 .debug_loc     0x0000d957      0x377 build/diskio.o
 .debug_loc     0x0000dcce     0x5d20 build/ff.o
 .debug_loc     0x000139ee      0x361 build/ff_gen_drv.o
 .debug_loc     0x00013d4f      0x57c build/sd_diskio.o
 .debug_loc     0x000142cb       0x90 build/sysmem.o
 .debug_loc     0x0001435b      0x583 build/syscalls.o

.debug_aranges  0x00000000      0xf50
 .debug_aranges
                0x00000000       0x30 build/main.o
 .debug_aranges
                0x00000030       0x20 build/gpio.o
 .debug_aranges
                0x00000050       0x20 build/dma.o
 .debug_aranges
                0x00000070       0x30 build/i2s.o
 .debug_aranges
                0x000000a0       0x30 build/sdio.o
 .debug_aranges
                0x000000d0       0x38 build/usart.o
 .debug_aranges
                0x00000108       0x68 build/stm32f1xx_it.o
 .debug_aranges
                0x00000170       0x20 build/stm32f1xx_hal_msp.o
 .debug_aranges
                0x00000190       0x28 build/fatfs.o
 .debug_aranges
                0x000001b8       0xa0 build/bsp_driver_sd.o
 .debug_aranges
                0x00000258       0xe0 build/stm32f1xx_hal.o
 .debug_aranges
                0x00000338       0x90 build/stm32f1xx_hal_rcc.o
 .debug_aranges
                0x000003c8       0x30 build/stm32f1xx_hal_rcc_ex.o
 .debug_aranges
                0x000003f8       0x58 build/stm32f1xx_hal_gpio.o
 .debug_aranges
                0x00000450       0x80 build/stm32f1xx_hal_dma.o
 .debug_aranges
                0x000004d0       0xc0 build/stm32f1xx_hal_cortex.o
 .debug_aranges
                0x00000590      0x100 build/stm32f1xx_hal_i2s.o
 .debug_aranges
                0x00000690      0x188 build/stm32f1xx_ll_sdmmc.o
 .debug_aranges
                0x00000818      0x168 build/stm32f1xx_hal_sd.o
 .debug_aranges
                0x00000980      0x208 build/stm32f1xx_hal_uart.o
 .debug_aranges
                0x00000b88       0x28 build/system_stm32f1xx.o
 .debug_aranges
                0x00000bb0       0x48 build/diskio.o
 .debug_aranges
                0x00000bf8      0x1e8 build/ff.o
 .debug_aranges
                0x00000de0       0x40 build/ff_gen_drv.o
 .debug_aranges
                0x00000e20       0x40 build/sd_diskio.o
 .debug_aranges
                0x00000e60       0x20 build/sysmem.o
 .debug_aranges
                0x00000e80       0xa8 build/syscalls.o
 .debug_aranges
                0x00000f28       0x28 build/startup_stm32f103xe.o

.debug_ranges   0x00000000      0xde8
 .debug_ranges  0x00000000       0x20 build/main.o
 .debug_ranges  0x00000020       0x10 build/gpio.o
 .debug_ranges  0x00000030       0x10 build/dma.o
 .debug_ranges  0x00000040       0x20 build/i2s.o
 .debug_ranges  0x00000060       0x20 build/sdio.o
 .debug_ranges  0x00000080       0x28 build/usart.o
 .debug_ranges  0x000000a8       0x58 build/stm32f1xx_it.o
 .debug_ranges  0x00000100       0x10 build/stm32f1xx_hal_msp.o
 .debug_ranges  0x00000110       0x18 build/fatfs.o
 .debug_ranges  0x00000128       0x90 build/bsp_driver_sd.o
 .debug_ranges  0x000001b8       0xd0 build/stm32f1xx_hal.o
 .debug_ranges  0x00000288       0xa0 build/stm32f1xx_hal_rcc.o
 .debug_ranges  0x00000328       0x38 build/stm32f1xx_hal_rcc_ex.o
 .debug_ranges  0x00000360       0x48 build/stm32f1xx_hal_gpio.o
 .debug_ranges  0x000003a8       0x70 build/stm32f1xx_hal_dma.o
 .debug_ranges  0x00000418       0xb0 build/stm32f1xx_hal_cortex.o
 .debug_ranges  0x000004c8       0xf0 build/stm32f1xx_hal_i2s.o
 .debug_ranges  0x000005b8      0x178 build/stm32f1xx_ll_sdmmc.o
 .debug_ranges  0x00000730      0x158 build/stm32f1xx_hal_sd.o
 .debug_ranges  0x00000888      0x210 build/stm32f1xx_hal_uart.o
 .debug_ranges  0x00000a98       0x18 build/system_stm32f1xx.o
 .debug_ranges  0x00000ab0       0x38 build/diskio.o
 .debug_ranges  0x00000ae8      0x1d8 build/ff.o
 .debug_ranges  0x00000cc0       0x30 build/ff_gen_drv.o
 .debug_ranges  0x00000cf0       0x30 build/sd_diskio.o
 .debug_ranges  0x00000d20       0x10 build/sysmem.o
 .debug_ranges  0x00000d30       0x98 build/syscalls.o
 .debug_ranges  0x00000dc8       0x20 build/startup_stm32f103xe.o

.debug_line     0x00000000    0x10e5e
 .debug_line    0x00000000      0x30d build/main.o
 .debug_line    0x0000030d       0xfd build/gpio.o
 .debug_line    0x0000040a      0x127 build/dma.o
 .debug_line    0x00000531      0x2d4 build/i2s.o
 .debug_line    0x00000805      0x275 build/sdio.o
 .debug_line    0x00000a7a      0x34c build/usart.o
 .debug_line    0x00000dc6      0x222 build/stm32f1xx_it.o
 .debug_line    0x00000fe8      0x105 build/stm32f1xx_hal_msp.o
 .debug_line    0x000010ed      0x16e build/fatfs.o
 .debug_line    0x0000125b      0x3b4 build/bsp_driver_sd.o
 .debug_line    0x0000160f      0x4b6 build/stm32f1xx_hal.o
 .debug_line    0x00001ac5      0xc32 build/stm32f1xx_hal_rcc.o
 .debug_line    0x000026f7      0x46d build/stm32f1xx_hal_rcc_ex.o
 .debug_line    0x00002b64      0x580 build/stm32f1xx_hal_gpio.o
 .debug_line    0x000030e4      0xf72 build/stm32f1xx_hal_dma.o
 .debug_line    0x00004056      0x62f build/stm32f1xx_hal_cortex.o
 .debug_line    0x00004685     0x103d build/stm32f1xx_hal_i2s.o
 .debug_line    0x000056c2     0x1078 build/stm32f1xx_ll_sdmmc.o
 .debug_line    0x0000673a     0x2696 build/stm32f1xx_hal_sd.o
 .debug_line    0x00008dd0     0x3427 build/stm32f1xx_hal_uart.o
 .debug_line    0x0000c1f7      0x1cd build/system_stm32f1xx.o
 .debug_line    0x0000c3c4      0x1e3 build/diskio.o
 .debug_line    0x0000c5a7     0x3e85 build/ff.o
 .debug_line    0x0001042c      0x224 build/ff_gen_drv.o
 .debug_line    0x00010650      0x2e0 build/sd_diskio.o
 .debug_line    0x00010930      0x13c build/sysmem.o
 .debug_line    0x00010a6c      0x380 build/syscalls.o
 .debug_line    0x00010dec       0x72 build/startup_stm32f103xe.o

.debug_str      0x00000000     0x3e3f
 .debug_str     0x00000000     0x3e3f build/main.o
                                0x651 (size before relaxing)
 .debug_str     0x00003e3f      0x1ab build/gpio.o
 .debug_str     0x00003e3f      0x594 build/dma.o
 .debug_str     0x00003e3f      0x61a build/i2s.o
 .debug_str     0x00003e3f      0x685 build/sdio.o
 .debug_str     0x00003e3f      0x6b3 build/usart.o
 .debug_str     0x00003e3f      0x40c build/stm32f1xx_it.o
 .debug_str     0x00003e3f      0x1e5 build/stm32f1xx_hal_msp.o
 .debug_str     0x00003e3f      0x30e build/fatfs.o
 .debug_str     0x00003e3f      0x83d build/bsp_driver_sd.o
 .debug_str     0x00003e3f      0x8d8 build/stm32f1xx_hal.o
 .debug_str     0x00003e3f      0x5f1 build/stm32f1xx_hal_rcc.o
 .debug_str     0x00003e3f      0x3d7 build/stm32f1xx_hal_rcc_ex.o
 .debug_str     0x00003e3f      0x3c6 build/stm32f1xx_hal_gpio.o
 .debug_str     0x00003e3f      0x5c3 build/stm32f1xx_hal_dma.o
 .debug_str     0x00003e3f      0x97d build/stm32f1xx_hal_cortex.o
 .debug_str     0x00003e3f      0x82a build/stm32f1xx_hal_i2s.o
 .debug_str     0x00003e3f      0x7b5 build/stm32f1xx_ll_sdmmc.o
 .debug_str     0x00003e3f     0x1021 build/stm32f1xx_hal_sd.o
 .debug_str     0x00003e3f      0xcba build/stm32f1xx_hal_uart.o
 .debug_str     0x00003e3f      0x21a build/system_stm32f1xx.o
 .debug_str     0x00003e3f      0x261 build/diskio.o
 .debug_str     0x00003e3f      0x785 build/ff.o
 .debug_str     0x00003e3f      0x2b2 build/ff_gen_drv.o
 .debug_str     0x00003e3f      0x35e build/sd_diskio.o
 .debug_str     0x00003e3f      0x1de build/sysmem.o
 .debug_str     0x00003e3f      0x3b2 build/syscalls.o
 .debug_str     0x00003e3f       0x51 build/startup_stm32f103xe.o

.debug_frame    0x00000000     0x3024
 .debug_frame   0x00000000       0x60 build/main.o
 .debug_frame   0x00000060       0x28 build/gpio.o
 .debug_frame   0x00000088       0x2c build/dma.o
 .debug_frame   0x000000b4       0x64 build/i2s.o
 .debug_frame   0x00000118       0x5c build/sdio.o
 .debug_frame   0x00000174       0x78 build/usart.o
 .debug_frame   0x000001ec       0xc0 build/stm32f1xx_it.o
 .debug_frame   0x000002ac       0x28 build/stm32f1xx_hal_msp.o
 .debug_frame   0x000002d4       0x38 build/fatfs.o
 .debug_frame   0x0000030c      0x18c build/bsp_driver_sd.o
 .debug_frame   0x00000498      0x1cc build/stm32f1xx_hal.o
 .debug_frame   0x00000664      0x184 build/stm32f1xx_hal_rcc.o
 .debug_frame   0x000007e8       0x5c build/stm32f1xx_hal_rcc_ex.o
 .debug_frame   0x00000844       0xe4 build/stm32f1xx_hal_gpio.o
 .debug_frame   0x00000928      0x140 build/stm32f1xx_hal_dma.o
 .debug_frame   0x00000a68      0x19c build/stm32f1xx_hal_cortex.o
 .debug_frame   0x00000c04      0x310 build/stm32f1xx_hal_i2s.o
 .debug_frame   0x00000f14      0x4c8 build/stm32f1xx_ll_sdmmc.o
 .debug_frame   0x000013dc      0x4b8 build/stm32f1xx_hal_sd.o
 .debug_frame   0x00001894      0x5dc build/stm32f1xx_hal_uart.o
 .debug_frame   0x00001e70       0x30 build/system_stm32f1xx.o
 .debug_frame   0x00001ea0       0xa0 build/diskio.o
 .debug_frame   0x00001f40      0x780 build/ff.o
 .debug_frame   0x000026c0       0x7c build/ff_gen_drv.o
 .debug_frame   0x0000273c       0x94 build/sd_diskio.o
 .debug_frame   0x000027d0       0x28 build/sysmem.o
 .debug_frame   0x000027f8      0x190 build/syscalls.o
 .debug_frame   0x00002988       0x20 /usr/bin/../lib/gcc/arm-none-eabi/13.3.1/../../../../arm-none-eabi/lib/thumb/v7-m/nofp/libc_nano.a(libc_a-errno.o)
 .debug_frame   0x000029a8       0x2c /usr/bin/../lib/gcc/arm-none-eabi/13.3.1/../../../../arm-none-eabi/lib/thumb/v7-m/nofp/libc_nano.a(libc_a-init.o)
 .debug_frame   0x000029d4       0x20 /usr/bin/../lib/gcc/arm-none-eabi/13.3.1/../../../../arm-none-eabi/lib/thumb/v7-m/nofp/libc_nano.a(libc_a-memset.o)
 .debug_frame   0x000029f4       0x3c /usr/bin/../lib/gcc/arm-none-eabi/13.3.1/../../../../arm-none-eabi/lib/thumb/v7-m/nofp/libc_nano.a(libc_a-puts.o)
 .debug_frame   0x00002a30      0x144 /usr/bin/../lib/gcc/arm-none-eabi/13.3.1/../../../../arm-none-eabi/lib/thumb/v7-m/nofp/libc_nano.a(libc_a-findfp.o)
 .debug_frame   0x00002b74       0x88 /usr/bin/../lib/gcc/arm-none-eabi/13.3.1/../../../../arm-none-eabi/lib/thumb/v7-m/nofp/libc_nano.a(libc_a-stdio.o)
 .debug_frame   0x00002bfc       0x2c /usr/bin/../lib/gcc/arm-none-eabi/13.3.1/../../../../arm-none-eabi/lib/thumb/v7-m/nofp/libc_nano.a(libc_a-lseekr.o)
 .debug_frame   0x00002c28       0x2c /usr/bin/../lib/gcc/arm-none-eabi/13.3.1/../../../../arm-none-eabi/lib/thumb/v7-m/nofp/libc_nano.a(libc_a-readr.o)
 .debug_frame   0x00002c54       0x34 /usr/bin/../lib/gcc/arm-none-eabi/13.3.1/../../../../arm-none-eabi/lib/thumb/v7-m/nofp/libc_nano.a(libc_a-fwalk.o)
 .debug_frame   0x00002c88       0x40 /usr/bin/../lib/gcc/arm-none-eabi/13.3.1/../../../../arm-none-eabi/lib/thumb/v7-m/nofp/libc_nano.a(libc_a-wbuf.o)
 .debug_frame   0x00002cc8       0x2c /usr/bin/../lib/gcc/arm-none-eabi/13.3.1/../../../../arm-none-eabi/lib/thumb/v7-m/nofp/libc_nano.a(libc_a-writer.o)
 .debug_frame   0x00002cf4       0x2c /usr/bin/../lib/gcc/arm-none-eabi/13.3.1/../../../../arm-none-eabi/lib/thumb/v7-m/nofp/libc_nano.a(libc_a-wsetup.o)
 .debug_frame   0x00002d20       0xb0 /usr/bin/../lib/gcc/arm-none-eabi/13.3.1/../../../../arm-none-eabi/lib/thumb/v7-m/nofp/libc_nano.a(libc_a-lock.o)
 .debug_frame   0x00002dd0       0x5c /usr/bin/../lib/gcc/arm-none-eabi/13.3.1/../../../../arm-none-eabi/lib/thumb/v7-m/nofp/libc_nano.a(libc_a-fflush.o)
 .debug_frame   0x00002e2c       0x50 /usr/bin/../lib/gcc/arm-none-eabi/13.3.1/../../../../arm-none-eabi/lib/thumb/v7-m/nofp/libc_nano.a(libc_a-mallocr.o)
 .debug_frame   0x00002e7c       0x2c /usr/bin/../lib/gcc/arm-none-eabi/13.3.1/../../../../arm-none-eabi/lib/thumb/v7-m/nofp/libc_nano.a(libc_a-closer.o)
 .debug_frame   0x00002ea8       0x38 /usr/bin/../lib/gcc/arm-none-eabi/13.3.1/../../../../arm-none-eabi/lib/thumb/v7-m/nofp/libc_nano.a(libc_a-reent.o)
 .debug_frame   0x00002ee0       0x30 /usr/bin/../lib/gcc/arm-none-eabi/13.3.1/../../../../arm-none-eabi/lib/thumb/v7-m/nofp/libc_nano.a(libc_a-mlock.o)
 .debug_frame   0x00002f10       0x2c /usr/bin/../lib/gcc/arm-none-eabi/13.3.1/../../../../arm-none-eabi/lib/thumb/v7-m/nofp/libc_nano.a(libc_a-sbrkr.o)
 .debug_frame   0x00002f3c       0x38 /usr/bin/../lib/gcc/arm-none-eabi/13.3.1/../../../../arm-none-eabi/lib/thumb/v7-m/nofp/libc_nano.a(libc_a-freer.o)
 .debug_frame   0x00002f74       0x58 /usr/bin/../lib/gcc/arm-none-eabi/13.3.1/../../../../arm-none-eabi/lib/thumb/v7-m/nofp/libc_nano.a(libc_a-makebuf.o)
 .debug_frame   0x00002fcc       0x2c /usr/bin/../lib/gcc/arm-none-eabi/13.3.1/../../../../arm-none-eabi/lib/thumb/v7-m/nofp/libc_nano.a(libc_a-fstatr.o)
 .debug_frame   0x00002ff8       0x2c /usr/bin/../lib/gcc/arm-none-eabi/13.3.1/../../../../arm-none-eabi/lib/thumb/v7-m/nofp/libc_nano.a(libc_a-isattyr.o)

Cross Reference Table

Symbol                                            File
ADC1_2_IRQHandler                                 build/startup_stm32f103xe.o
ADC3_IRQHandler                                   build/startup_stm32f103xe.o
AHBPrescTable                                     build/system_stm32f1xx.o
                                                  build/stm32f1xx_hal_rcc.o
APBPrescTable                                     build/system_stm32f1xx.o
                                                  build/stm32f1xx_hal_rcc.o
BSP_SD_AbortCallback                              build/bsp_driver_sd.o
BSP_SD_DetectIT                                   build/bsp_driver_sd.o
BSP_SD_Erase                                      build/bsp_driver_sd.o
BSP_SD_GetCardInfo                                build/bsp_driver_sd.o
                                                  build/sd_diskio.o
BSP_SD_GetCardState                               build/bsp_driver_sd.o
                                                  build/sd_diskio.o
BSP_SD_ITConfig                                   build/bsp_driver_sd.o
BSP_SD_Init                                       build/bsp_driver_sd.o
                                                  build/sd_diskio.o
BSP_SD_IsDetected                                 build/bsp_driver_sd.o
BSP_SD_ReadBlocks                                 build/bsp_driver_sd.o
                                                  build/sd_diskio.o
BSP_SD_ReadBlocks_DMA                             build/bsp_driver_sd.o
BSP_SD_ReadCpltCallback                           build/bsp_driver_sd.o
BSP_SD_WriteBlocks                                build/bsp_driver_sd.o
                                                  build/sd_diskio.o
BSP_SD_WriteBlocks_DMA                            build/bsp_driver_sd.o
BSP_SD_WriteCpltCallback                          build/bsp_driver_sd.o
BusFault_Handler                                  build/stm32f1xx_it.o
CAN1_RX1_IRQHandler                               build/startup_stm32f103xe.o
CAN1_SCE_IRQHandler                               build/startup_stm32f103xe.o
DMA1_Channel1_IRQHandler                          build/startup_stm32f103xe.o
DMA1_Channel2_IRQHandler                          build/startup_stm32f103xe.o
DMA1_Channel3_IRQHandler                          build/startup_stm32f103xe.o
DMA1_Channel4_IRQHandler                          build/startup_stm32f103xe.o
DMA1_Channel5_IRQHandler                          build/stm32f1xx_it.o
DMA1_Channel6_IRQHandler                          build/startup_stm32f103xe.o
DMA1_Channel7_IRQHandler                          build/startup_stm32f103xe.o
DMA2_Channel1_IRQHandler                          build/startup_stm32f103xe.o
DMA2_Channel2_IRQHandler                          build/startup_stm32f103xe.o
DMA2_Channel3_IRQHandler                          build/startup_stm32f103xe.o
DMA2_Channel4_5_IRQHandler                        build/startup_stm32f103xe.o
DebugMon_Handler                                  build/stm32f1xx_it.o
Default_Handler                                   build/startup_stm32f103xe.o
EXTI0_IRQHandler                                  build/startup_stm32f103xe.o
EXTI15_10_IRQHandler                              build/startup_stm32f103xe.o
EXTI1_IRQHandler                                  build/startup_stm32f103xe.o
EXTI2_IRQHandler                                  build/startup_stm32f103xe.o
EXTI3_IRQHandler                                  build/startup_stm32f103xe.o
EXTI4_IRQHandler                                  build/startup_stm32f103xe.o
EXTI9_5_IRQHandler                                build/startup_stm32f103xe.o
Error_Handler                                     build/main.o
                                                  build/usart.o
                                                  build/i2s.o
FATFS_GetAttachedDriversNbr                       build/ff_gen_drv.o
FATFS_LinkDriver                                  build/ff_gen_drv.o
                                                  build/fatfs.o
FATFS_LinkDriverEx                                build/ff_gen_drv.o
FATFS_UnLinkDriver                                build/ff_gen_drv.o
FATFS_UnLinkDriverEx                              build/ff_gen_drv.o
FLASH_IRQHandler                                  build/startup_stm32f103xe.o
FLASH_PageErase                                   build/stm32f1xx_hal_flash_ex.o
                                                  build/stm32f1xx_hal_flash.o
FLASH_WaitForLastOperation                        build/stm32f1xx_hal_flash.o
                                                  build/stm32f1xx_hal_flash_ex.o
FSMC_IRQHandler                                   build/startup_stm32f103xe.o
HAL_DBGMCU_DisableDBGSleepMode                    build/stm32f1xx_hal.o
HAL_DBGMCU_DisableDBGStandbyMode                  build/stm32f1xx_hal.o
HAL_DBGMCU_DisableDBGStopMode                     build/stm32f1xx_hal.o
HAL_DBGMCU_EnableDBGSleepMode                     build/stm32f1xx_hal.o
HAL_DBGMCU_EnableDBGStandbyMode                   build/stm32f1xx_hal.o
HAL_DBGMCU_EnableDBGStopMode                      build/stm32f1xx_hal.o
HAL_DMA_Abort                                     build/stm32f1xx_hal_dma.o
                                                  build/stm32f1xx_hal_uart.o
                                                  build/stm32f1xx_hal_sd.o
                                                  build/stm32f1xx_hal_i2s.o
HAL_DMA_Abort_IT                                  build/stm32f1xx_hal_dma.o
                                                  build/stm32f1xx_hal_uart.o
                                                  build/stm32f1xx_hal_sd.o
HAL_DMA_DeInit                                    build/stm32f1xx_hal_dma.o
                                                  build/i2s.o
HAL_DMA_GetError                                  build/stm32f1xx_hal_dma.o
                                                  build/stm32f1xx_hal_uart.o
HAL_DMA_GetState                                  build/stm32f1xx_hal_dma.o
HAL_DMA_IRQHandler                                build/stm32f1xx_hal_dma.o
                                                  build/stm32f1xx_it.o
HAL_DMA_Init                                      build/stm32f1xx_hal_dma.o
                                                  build/i2s.o
HAL_DMA_PollForTransfer                           build/stm32f1xx_hal_dma.o
HAL_DMA_RegisterCallback                          build/stm32f1xx_hal_dma.o
HAL_DMA_Start                                     build/stm32f1xx_hal_dma.o
HAL_DMA_Start_IT                                  build/stm32f1xx_hal_dma.o
                                                  build/stm32f1xx_hal_uart.o
                                                  build/stm32f1xx_hal_sd.o
                                                  build/stm32f1xx_hal_i2s.o
HAL_DMA_UnRegisterCallback                        build/stm32f1xx_hal_dma.o
HAL_DeInit                                        build/stm32f1xx_hal.o
HAL_Delay                                         build/stm32f1xx_hal.o
                                                  build/stm32f1xx_hal_sd.o
HAL_EXTI_ClearConfigLine                          build/stm32f1xx_hal_exti.o
HAL_EXTI_ClearPending                             build/stm32f1xx_hal_exti.o
HAL_EXTI_GenerateSWI                              build/stm32f1xx_hal_exti.o
HAL_EXTI_GetConfigLine                            build/stm32f1xx_hal_exti.o
HAL_EXTI_GetHandle                                build/stm32f1xx_hal_exti.o
HAL_EXTI_GetPending                               build/stm32f1xx_hal_exti.o
HAL_EXTI_IRQHandler                               build/stm32f1xx_hal_exti.o
HAL_EXTI_RegisterCallback                         build/stm32f1xx_hal_exti.o
HAL_EXTI_SetConfigLine                            build/stm32f1xx_hal_exti.o
HAL_FLASHEx_Erase                                 build/stm32f1xx_hal_flash_ex.o
HAL_FLASHEx_Erase_IT                              build/stm32f1xx_hal_flash_ex.o
HAL_FLASHEx_OBErase                               build/stm32f1xx_hal_flash_ex.o
HAL_FLASHEx_OBGetConfig                           build/stm32f1xx_hal_flash_ex.o
HAL_FLASHEx_OBGetUserData                         build/stm32f1xx_hal_flash_ex.o
HAL_FLASHEx_OBProgram                             build/stm32f1xx_hal_flash_ex.o
HAL_FLASH_EndOfOperationCallback                  build/stm32f1xx_hal_flash.o
HAL_FLASH_GetError                                build/stm32f1xx_hal_flash.o
HAL_FLASH_IRQHandler                              build/stm32f1xx_hal_flash.o
HAL_FLASH_Lock                                    build/stm32f1xx_hal_flash.o
HAL_FLASH_OB_Launch                               build/stm32f1xx_hal_flash.o
HAL_FLASH_OB_Lock                                 build/stm32f1xx_hal_flash.o
HAL_FLASH_OB_Unlock                               build/stm32f1xx_hal_flash.o
HAL_FLASH_OperationErrorCallback                  build/stm32f1xx_hal_flash.o
HAL_FLASH_Program                                 build/stm32f1xx_hal_flash.o
HAL_FLASH_Program_IT                              build/stm32f1xx_hal_flash.o
HAL_FLASH_Unlock                                  build/stm32f1xx_hal_flash.o
HAL_GPIOEx_ConfigEventout                         build/stm32f1xx_hal_gpio_ex.o
HAL_GPIOEx_DisableEventout                        build/stm32f1xx_hal_gpio_ex.o
HAL_GPIOEx_EnableEventout                         build/stm32f1xx_hal_gpio_ex.o
HAL_GPIO_DeInit                                   build/stm32f1xx_hal_gpio.o
                                                  build/usart.o
                                                  build/sdio.o
                                                  build/i2s.o
HAL_GPIO_EXTI_Callback                            build/stm32f1xx_hal_gpio.o
HAL_GPIO_EXTI_IRQHandler                          build/stm32f1xx_hal_gpio.o
HAL_GPIO_Init                                     build/stm32f1xx_hal_gpio.o
                                                  build/stm32f1xx_hal_rcc.o
                                                  build/usart.o
                                                  build/sdio.o
                                                  build/i2s.o
HAL_GPIO_LockPin                                  build/stm32f1xx_hal_gpio.o
HAL_GPIO_ReadPin                                  build/stm32f1xx_hal_gpio.o
HAL_GPIO_TogglePin                                build/stm32f1xx_hal_gpio.o
HAL_GPIO_WritePin                                 build/stm32f1xx_hal_gpio.o
HAL_GetDEVID                                      build/stm32f1xx_hal.o
HAL_GetHalVersion                                 build/stm32f1xx_hal.o
HAL_GetREVID                                      build/stm32f1xx_hal.o
HAL_GetTick                                       build/stm32f1xx_hal.o
                                                  build/stm32f1xx_hal_uart.o
                                                  build/stm32f1xx_hal_sd.o
                                                  build/stm32f1xx_hal_i2s.o
                                                  build/stm32f1xx_hal_flash.o
                                                  build/stm32f1xx_hal_dma.o
                                                  build/stm32f1xx_hal_rcc_ex.o
                                                  build/stm32f1xx_hal_rcc.o
HAL_GetTickFreq                                   build/stm32f1xx_hal.o
HAL_GetTickPrio                                   build/stm32f1xx_hal.o
HAL_GetUIDw0                                      build/stm32f1xx_hal.o
HAL_GetUIDw1                                      build/stm32f1xx_hal.o
HAL_GetUIDw2                                      build/stm32f1xx_hal.o
HAL_HalfDuplex_EnableReceiver                     build/stm32f1xx_hal_uart.o
HAL_HalfDuplex_EnableTransmitter                  build/stm32f1xx_hal_uart.o
HAL_HalfDuplex_Init                               build/stm32f1xx_hal_uart.o
HAL_I2S_DMAPause                                  build/stm32f1xx_hal_i2s.o
HAL_I2S_DMAResume                                 build/stm32f1xx_hal_i2s.o
HAL_I2S_DMAStop                                   build/stm32f1xx_hal_i2s.o
HAL_I2S_DeInit                                    build/stm32f1xx_hal_i2s.o
HAL_I2S_ErrorCallback                             build/stm32f1xx_hal_i2s.o
HAL_I2S_GetError                                  build/stm32f1xx_hal_i2s.o
HAL_I2S_GetState                                  build/stm32f1xx_hal_i2s.o
HAL_I2S_IRQHandler                                build/stm32f1xx_hal_i2s.o
HAL_I2S_Init                                      build/stm32f1xx_hal_i2s.o
                                                  build/i2s.o
HAL_I2S_MspDeInit                                 build/i2s.o
HAL_I2S_MspInit                                   build/i2s.o
HAL_I2S_Receive                                   build/stm32f1xx_hal_i2s.o
HAL_I2S_Receive_DMA                               build/stm32f1xx_hal_i2s.o
HAL_I2S_Receive_IT                                build/stm32f1xx_hal_i2s.o
HAL_I2S_RxCpltCallback                            build/stm32f1xx_hal_i2s.o
HAL_I2S_RxHalfCpltCallback                        build/stm32f1xx_hal_i2s.o
HAL_I2S_Transmit                                  build/stm32f1xx_hal_i2s.o
HAL_I2S_Transmit_DMA                              build/stm32f1xx_hal_i2s.o
HAL_I2S_Transmit_IT                               build/stm32f1xx_hal_i2s.o
HAL_I2S_TxCpltCallback                            build/stm32f1xx_hal_i2s.o
HAL_I2S_TxHalfCpltCallback                        build/stm32f1xx_hal_i2s.o
HAL_IncTick                                       build/stm32f1xx_hal.o
                                                  build/stm32f1xx_it.o
HAL_Init                                          build/stm32f1xx_hal.o
                                                  build/main.o
HAL_InitTick                                      build/stm32f1xx_hal.o
                                                  build/stm32f1xx_hal_rcc.o
HAL_LIN_Init                                      build/stm32f1xx_hal_uart.o
HAL_LIN_SendBreak                                 build/stm32f1xx_hal_uart.o
HAL_MspDeInit                                     build/stm32f1xx_hal.o
HAL_MspInit                                       build/stm32f1xx_hal_msp.o
HAL_MultiProcessor_EnterMuteMode                  build/stm32f1xx_hal_uart.o
HAL_MultiProcessor_ExitMuteMode                   build/stm32f1xx_hal_uart.o
HAL_MultiProcessor_Init                           build/stm32f1xx_hal_uart.o
HAL_NVIC_ClearPendingIRQ                          build/stm32f1xx_hal_cortex.o
HAL_NVIC_DisableIRQ                               build/stm32f1xx_hal_cortex.o
HAL_NVIC_EnableIRQ                                build/stm32f1xx_hal_cortex.o
                                                  build/dma.o
HAL_NVIC_GetActive                                build/stm32f1xx_hal_cortex.o
HAL_NVIC_GetPendingIRQ                            build/stm32f1xx_hal_cortex.o
HAL_NVIC_GetPriority                              build/stm32f1xx_hal_cortex.o
HAL_NVIC_GetPriorityGrouping                      build/stm32f1xx_hal_cortex.o
HAL_NVIC_SetPendingIRQ                            build/stm32f1xx_hal_cortex.o
HAL_NVIC_SetPriority                              build/stm32f1xx_hal_cortex.o
                                                  build/stm32f1xx_hal.o
                                                  build/dma.o
HAL_NVIC_SetPriorityGrouping                      build/stm32f1xx_hal_cortex.o
                                                  build/stm32f1xx_hal.o
HAL_NVIC_SystemReset                              build/stm32f1xx_hal_cortex.o
                                                  build/stm32f1xx_hal_flash.o
HAL_PWR_ConfigPVD                                 build/stm32f1xx_hal_pwr.o
HAL_PWR_DeInit                                    build/stm32f1xx_hal_pwr.o
HAL_PWR_DisableBkUpAccess                         build/stm32f1xx_hal_pwr.o
HAL_PWR_DisablePVD                                build/stm32f1xx_hal_pwr.o
HAL_PWR_DisableSEVOnPend                          build/stm32f1xx_hal_pwr.o
HAL_PWR_DisableSleepOnExit                        build/stm32f1xx_hal_pwr.o
HAL_PWR_DisableWakeUpPin                          build/stm32f1xx_hal_pwr.o
HAL_PWR_EnableBkUpAccess                          build/stm32f1xx_hal_pwr.o
HAL_PWR_EnablePVD                                 build/stm32f1xx_hal_pwr.o
HAL_PWR_EnableSEVOnPend                           build/stm32f1xx_hal_pwr.o
HAL_PWR_EnableSleepOnExit                         build/stm32f1xx_hal_pwr.o
HAL_PWR_EnableWakeUpPin                           build/stm32f1xx_hal_pwr.o
HAL_PWR_EnterSLEEPMode                            build/stm32f1xx_hal_pwr.o
HAL_PWR_EnterSTANDBYMode                          build/stm32f1xx_hal_pwr.o
HAL_PWR_EnterSTOPMode                             build/stm32f1xx_hal_pwr.o
HAL_PWR_PVDCallback                               build/stm32f1xx_hal_pwr.o
HAL_PWR_PVD_IRQHandler                            build/stm32f1xx_hal_pwr.o
HAL_RCCEx_GetPeriphCLKConfig                      build/stm32f1xx_hal_rcc_ex.o
HAL_RCCEx_GetPeriphCLKFreq                        build/stm32f1xx_hal_rcc_ex.o
                                                  build/stm32f1xx_hal_i2s.o
HAL_RCCEx_PeriphCLKConfig                         build/stm32f1xx_hal_rcc_ex.o
                                                  build/main.o
HAL_RCC_CSSCallback                               build/stm32f1xx_hal_rcc.o
HAL_RCC_ClockConfig                               build/stm32f1xx_hal_rcc.o
                                                  build/main.o
HAL_RCC_DeInit                                    build/stm32f1xx_hal_rcc.o
HAL_RCC_DisableCSS                                build/stm32f1xx_hal_rcc.o
HAL_RCC_EnableCSS                                 build/stm32f1xx_hal_rcc.o
HAL_RCC_GetClockConfig                            build/stm32f1xx_hal_rcc.o
HAL_RCC_GetHCLKFreq                               build/stm32f1xx_hal_rcc.o
HAL_RCC_GetOscConfig                              build/stm32f1xx_hal_rcc.o
HAL_RCC_GetPCLK1Freq                              build/stm32f1xx_hal_rcc.o
                                                  build/stm32f1xx_hal_uart.o
HAL_RCC_GetPCLK2Freq                              build/stm32f1xx_hal_rcc.o
                                                  build/stm32f1xx_hal_uart.o
                                                  build/stm32f1xx_hal_rcc_ex.o
HAL_RCC_GetSysClockFreq                           build/stm32f1xx_hal_rcc.o
                                                  build/stm32f1xx_hal_i2s.o
                                                  build/stm32f1xx_hal_rcc_ex.o
HAL_RCC_MCOConfig                                 build/stm32f1xx_hal_rcc.o
HAL_RCC_NMI_IRQHandler                            build/stm32f1xx_hal_rcc.o
HAL_RCC_OscConfig                                 build/stm32f1xx_hal_rcc.o
                                                  build/main.o
HAL_ResumeTick                                    build/stm32f1xx_hal.o
HAL_SD_Abort                                      build/stm32f1xx_hal_sd.o
HAL_SD_AbortCallback                              build/bsp_driver_sd.o
HAL_SD_Abort_IT                                   build/stm32f1xx_hal_sd.o
HAL_SD_ConfigWideBusOperation                     build/stm32f1xx_hal_sd.o
                                                  build/bsp_driver_sd.o
HAL_SD_DeInit                                     build/stm32f1xx_hal_sd.o
HAL_SD_Erase                                      build/stm32f1xx_hal_sd.o
                                                  build/bsp_driver_sd.o
HAL_SD_ErrorCallback                              build/stm32f1xx_hal_sd.o
HAL_SD_GetCardCID                                 build/stm32f1xx_hal_sd.o
HAL_SD_GetCardCSD                                 build/stm32f1xx_hal_sd.o
HAL_SD_GetCardInfo                                build/stm32f1xx_hal_sd.o
                                                  build/bsp_driver_sd.o
HAL_SD_GetCardState                               build/stm32f1xx_hal_sd.o
                                                  build/bsp_driver_sd.o
HAL_SD_GetCardStatus                              build/stm32f1xx_hal_sd.o
HAL_SD_GetError                                   build/stm32f1xx_hal_sd.o
HAL_SD_GetState                                   build/stm32f1xx_hal_sd.o
HAL_SD_IRQHandler                                 build/stm32f1xx_hal_sd.o
HAL_SD_Init                                       build/stm32f1xx_hal_sd.o
                                                  build/bsp_driver_sd.o
HAL_SD_InitCard                                   build/stm32f1xx_hal_sd.o
HAL_SD_MspDeInit                                  build/sdio.o
HAL_SD_MspInit                                    build/sdio.o
HAL_SD_ReadBlocks                                 build/stm32f1xx_hal_sd.o
                                                  build/bsp_driver_sd.o
HAL_SD_ReadBlocks_DMA                             build/stm32f1xx_hal_sd.o
                                                  build/bsp_driver_sd.o
HAL_SD_ReadBlocks_IT                              build/stm32f1xx_hal_sd.o
HAL_SD_RxCpltCallback                             build/bsp_driver_sd.o
HAL_SD_TxCpltCallback                             build/bsp_driver_sd.o
HAL_SD_WriteBlocks                                build/stm32f1xx_hal_sd.o
                                                  build/bsp_driver_sd.o
HAL_SD_WriteBlocks_DMA                            build/stm32f1xx_hal_sd.o
                                                  build/bsp_driver_sd.o
HAL_SD_WriteBlocks_IT                             build/stm32f1xx_hal_sd.o
HAL_SYSTICK_CLKSourceConfig                       build/stm32f1xx_hal_cortex.o
HAL_SYSTICK_Callback                              build/stm32f1xx_hal_cortex.o
HAL_SYSTICK_Config                                build/stm32f1xx_hal_cortex.o
                                                  build/stm32f1xx_hal.o
HAL_SYSTICK_IRQHandler                            build/stm32f1xx_hal_cortex.o
HAL_SetTickFreq                                   build/stm32f1xx_hal.o
HAL_SuspendTick                                   build/stm32f1xx_hal.o
HAL_UARTEx_GetRxEventType                         build/stm32f1xx_hal_uart.o
HAL_UARTEx_ReceiveToIdle                          build/stm32f1xx_hal_uart.o
HAL_UARTEx_ReceiveToIdle_DMA                      build/stm32f1xx_hal_uart.o
HAL_UARTEx_ReceiveToIdle_IT                       build/stm32f1xx_hal_uart.o
HAL_UARTEx_RxEventCallback                        build/stm32f1xx_hal_uart.o
HAL_UART_Abort                                    build/stm32f1xx_hal_uart.o
HAL_UART_AbortCpltCallback                        build/stm32f1xx_hal_uart.o
HAL_UART_AbortReceive                             build/stm32f1xx_hal_uart.o
HAL_UART_AbortReceiveCpltCallback                 build/stm32f1xx_hal_uart.o
HAL_UART_AbortReceive_IT                          build/stm32f1xx_hal_uart.o
HAL_UART_AbortTransmit                            build/stm32f1xx_hal_uart.o
HAL_UART_AbortTransmitCpltCallback                build/stm32f1xx_hal_uart.o
HAL_UART_AbortTransmit_IT                         build/stm32f1xx_hal_uart.o
HAL_UART_Abort_IT                                 build/stm32f1xx_hal_uart.o
HAL_UART_DMAPause                                 build/stm32f1xx_hal_uart.o
HAL_UART_DMAResume                                build/stm32f1xx_hal_uart.o
HAL_UART_DMAStop                                  build/stm32f1xx_hal_uart.o
HAL_UART_DeInit                                   build/stm32f1xx_hal_uart.o
HAL_UART_ErrorCallback                            build/stm32f1xx_hal_uart.o
HAL_UART_GetError                                 build/stm32f1xx_hal_uart.o
HAL_UART_GetState                                 build/stm32f1xx_hal_uart.o
HAL_UART_IRQHandler                               build/stm32f1xx_hal_uart.o
HAL_UART_Init                                     build/stm32f1xx_hal_uart.o
                                                  build/usart.o
HAL_UART_MspDeInit                                build/usart.o
HAL_UART_MspInit                                  build/usart.o
HAL_UART_Receive                                  build/stm32f1xx_hal_uart.o
HAL_UART_Receive_DMA                              build/stm32f1xx_hal_uart.o
HAL_UART_Receive_IT                               build/stm32f1xx_hal_uart.o
HAL_UART_RxCpltCallback                           build/stm32f1xx_hal_uart.o
HAL_UART_RxHalfCpltCallback                       build/stm32f1xx_hal_uart.o
HAL_UART_Transmit                                 build/stm32f1xx_hal_uart.o
HAL_UART_Transmit_DMA                             build/stm32f1xx_hal_uart.o
HAL_UART_Transmit_IT                              build/stm32f1xx_hal_uart.o
HAL_UART_TxCpltCallback                           build/stm32f1xx_hal_uart.o
HAL_UART_TxHalfCpltCallback                       build/stm32f1xx_hal_uart.o
HardFault_Handler                                 build/stm32f1xx_it.o
I2C1_ER_IRQHandler                                build/startup_stm32f103xe.o
I2C1_EV_IRQHandler                                build/startup_stm32f103xe.o
I2C2_ER_IRQHandler                                build/startup_stm32f103xe.o